root@otus1:/home/serge# apt search postgres | less
root@otus1:/home/serge# /usr/share/postgresql-common/pgdg/apt.postgresql.org.sh
This script will enable the PostgreSQL APT repository on apt.postgresql.org on
your system. The distribution codename used will be noble-pgdg.

Press Enter to continue, or Ctrl-C to abort.

Using keyring /usr/share/postgresql-common/pgdg/apt.postgresql.org.gpg
Writing /etc/apt/sources.list.d/pgdg.sources ...

Running apt-get update ...
Hit:1 http://ru.archive.ubuntu.com/ubuntu noble InRelease
Hit:2 http://ru.archive.ubuntu.com/ubuntu noble-updates InRelease          
Hit:3 http://ru.archive.ubuntu.com/ubuntu noble-backports InRelease                                                        
Hit:4 http://security.ubuntu.com/ubuntu noble-security InRelease                                                           
Get:5 https://apt.postgresql.org/pub/repos/apt noble-pgdg InRelease [107 kB]
Get:6 https://apt.postgresql.org/pub/repos/apt noble-pgdg/main amd64 Packages [336 kB]
Fetched 442 kB in 0s (911 kB/s)
Reading package lists... Done

You can now start installing packages from apt.postgresql.org.

Have a look at https://wiki.postgresql.org/wiki/Apt for more information;
most notably the FAQ at https://wiki.postgresql.org/wiki/Apt/FAQ
root@otus1:/home/serge# apt install postgresql-15
Reading package lists... Done
Building dependency tree... Done
Reading state information... Done
The following packages were automatically installed and are no longer required:
  eatmydata libeatmydata1 python-babel-localedata python3-babel python3-jinja2 python3-json-pointer python3-jsonpatch
  python3-jsonschema python3-markupsafe python3-pyrsistent python3-tz squashfs-tools
Use 'sudo apt autoremove' to remove them.
The following additional packages will be installed:
  libllvm19 postgresql-client-15
Suggested packages:
  postgresql-doc-15
The following NEW packages will be installed:
  libllvm19 postgresql-15 postgresql-client-15
0 upgraded, 3 newly installed, 0 to remove and 9 not upgraded.
Need to get 45.7 MB of archives.
After this operation, 189 MB of additional disk space will be used.
Do you want to continue? [Y/n] y
Get:1 http://ru.archive.ubuntu.com/ubuntu noble-updates/main amd64 libllvm19 amd64 1:19.1.1-1ubuntu1~24.04.2 [28.7 MB]
Get:2 https://apt.postgresql.org/pub/repos/apt noble-pgdg/main amd64 postgresql-client-15 amd64 15.14-1.pgdg24.04+1 [1720 kB]
Get:3 https://apt.postgresql.org/pub/repos/apt noble-pgdg/main amd64 postgresql-15 amd64 15.14-1.pgdg24.04+1 [15.3 MB]
Fetched 45.7 MB in 1s (59.2 MB/s)                                     
Preconfiguring packages ...
Selecting previously unselected package libllvm19:amd64.
(Reading database ... 88886 files and directories currently installed.)
Preparing to unpack .../libllvm19_1%3a19.1.1-1ubuntu1~24.04.2_amd64.deb ...
Unpacking libllvm19:amd64 (1:19.1.1-1ubuntu1~24.04.2) ...
Selecting previously unselected package postgresql-client-15.
Preparing to unpack .../postgresql-client-15_15.14-1.pgdg24.04+1_amd64.deb ...
Unpacking postgresql-client-15 (15.14-1.pgdg24.04+1) ...
Selecting previously unselected package postgresql-15.
Preparing to unpack .../postgresql-15_15.14-1.pgdg24.04+1_amd64.deb ...
Unpacking postgresql-15 (15.14-1.pgdg24.04+1) ...
Setting up libllvm19:amd64 (1:19.1.1-1ubuntu1~24.04.2) ...
Setting up postgresql-client-15 (15.14-1.pgdg24.04+1) ...
Setting up postgresql-15 (15.14-1.pgdg24.04+1) ...
Creating new PostgreSQL cluster 15/main ...
/usr/lib/postgresql/15/bin/initdb -D /var/lib/postgresql/15/main --auth-local peer --auth-host scram-sha-256 --no-instructio
ns
The files belonging to this database system will be owned by user "postgres".
This user must also own the server process.

The database cluster will be initialized with locale "en_US.UTF-8".
The default database encoding has accordingly been set to "UTF8".
The default text search configuration will be set to "english".

Data page checksums are disabled.

fixing permissions on existing directory /var/lib/postgresql/15/main ... ok
creating subdirectories ... ok
selecting dynamic shared memory implementation ... posix
selecting default max_connections ... 100
selecting default shared_buffers ... 128MB
selecting default time zone ... Etc/UTC
creating configuration files ... ok
running bootstrap script ... ok
performing post-bootstrap initialization ... ok
syncing data to disk ... ok
Processing triggers for postgresql-common (257build1.1) ...
Building PostgreSQL dictionaries from installed myspell/hunspell packages...
Removing obsolete dictionary files:
Processing triggers for libc-bin (2.39-0ubuntu8.5) ...
Scanning processes...                                                                                                       
Scanning linux images...                                                                                                    

Running kernel seems to be up-to-date.

No services need to be restarted.

No containers need to be restarted.

No user sessions are running outdated binaries.

No VM guests are running outdated hypervisor (qemu) binaries on this host.
root@otus1:/home/serge# pg_lsclusters 
Ver Cluster Port Status Owner    Data directory              Log file
15  main    5433 online postgres /var/lib/postgresql/15/main /var/log/postgresql/postgresql-15-main.log
16  main    5432 online postgres /var/lib/postgresql/16/main /var/log/postgresql/postgresql-16-main.log
root@otus1:/home/serge# su - postgres
postgres@otus1:~$ ps
ps             psfgettable    psfxtable      psql           pstree.x11     
psfaddtable    psfstriptable  pslog          pstree         
postgres@otus1:~$ psql  -p 5433
psql (16.9 (Ubuntu 16.9-0ubuntu0.24.04.1), server 15.14 (Ubuntu 15.14-1.pgdg24.04+1))
Type "help" for help.

postgres=# \conninfo 
You are connected to database "postgres" as user "postgres" via socket in "/var/run/postgresql" at port "5433".
postgres=# \q
postgres@otus1:~$ psql  -p 5433
psql (16.9 (Ubuntu 16.9-0ubuntu0.24.04.1), server 15.14 (Ubuntu 15.14-1.pgdg24.04+1))
Type "help" for help.

postgres=# create table test(c1 text);
CREATE TABLE
postgres=#  insert into test values('1');
INSERT 0 1
postgres=# 
postgres=# 
postgres=# \q
postgres@otus1:~$ 
logout
root@otus1:/home/serge# 
root@otus1:/home/serge# 
root@otus1:/home/serge# 
root@otus1:/home/serge# pg_lsclusters 
Ver Cluster Port Status Owner    Data directory              Log file
15  main    5433 online postgres /var/lib/postgresql/15/main /var/log/postgresql/postgresql-15-main.log
16  main    5432 online postgres /var/lib/postgresql/16/main /var/log/postgresql/postgresql-16-main.log
root@otus1:/home/serge# pg_ctlcluster 15 main stop 
root@otus1:/home/serge# pg_lsclusters 
Ver Cluster Port Status Owner    Data directory              Log file
15  main    5433 down   postgres /var/lib/postgresql/15/main /var/log/postgresql/postgresql-15-main.log
16  main    5432 online postgres /var/lib/postgresql/16/main /var/log/postgresql/postgresql-16-main.log
root@otus1:/home/serge# 
root@otus1:/home/serge# 
root@otus1:/home/serge# dmesg | tail
[ 3425.665595] virtio_scsi virtio4: 4/0/0 default/read/poll queues
[ 3425.667587] scsi host3: Virtio SCSI HBA
[ 3425.687366] scsi 3:0:0:1: Direct-Access     QEMU     QEMU HARDDISK    2.5+ PQ: 0 ANSI: 5
[ 3425.695064] sd 3:0:0:1: Attached scsi generic sg2 type 0
[ 3425.695087] sd 3:0:0:1: Power-on or device reset occurred
[ 3425.695191] sd 3:0:0:1: [sdb] 20971520 512-byte logical blocks: (10.7 GB/10.0 GiB)
[ 3425.695212] sd 3:0:0:1: [sdb] Write Protect is off
[ 3425.695214] sd 3:0:0:1: [sdb] Mode Sense: 63 00 00 08
[ 3425.695245] sd 3:0:0:1: [sdb] Write cache: enabled, read cache: enabled, doesn't support DPO or FUA
[ 3425.695793] sd 3:0:0:1: [sdb] Attached SCSI disk
root@otus1:/home/serge# fdisk /dev/sdb

Welcome to fdisk (util-linux 2.39.3).
Changes will remain in memory only, until you decide to write them.
Be careful before using the write command.

Device does not contain a recognized partition table.
Created a new DOS (MBR) disklabel with disk identifier 0x4f0bab1b.

Command (m for help): p
Disk /dev/sdb: 10 GiB, 10737418240 bytes, 20971520 sectors
Disk model: QEMU HARDDISK   
Units: sectors of 1 * 512 = 512 bytes
Sector size (logical/physical): 512 bytes / 512 bytes
I/O size (minimum/optimal): 512 bytes / 512 bytes
Disklabel type: dos
Disk identifier: 0x4f0bab1b

Command (m for help): n
Partition type
   p   primary (0 primary, 0 extended, 4 free)
   e   extended (container for logical partitions)
Select (default p): p
Partition number (1-4, default 1): 
First sector (2048-20971519, default 2048): 
Last sector, +/-sectors or +/-size{K,M,G,T,P} (2048-20971519, default 20971519): 

Created a new partition 1 of type 'Linux' and of size 10 GiB.

Command (m for help): p
Disk /dev/sdb: 10 GiB, 10737418240 bytes, 20971520 sectors
Disk model: QEMU HARDDISK   
Units: sectors of 1 * 512 = 512 bytes
Sector size (logical/physical): 512 bytes / 512 bytes
I/O size (minimum/optimal): 512 bytes / 512 bytes
Disklabel type: dos
Disk identifier: 0x4f0bab1b

Device     Boot Start      End  Sectors Size Id Type
/dev/sdb1        2048 20971519 20969472  10G 83 Linux

Command (m for help): w
The partition table has been altered.
Calling ioctl() to re-read partition table.
Syncing disks.

root@otus1:/home/serge# mkfs.ext4 /dev/sdb1
mke2fs 1.47.0 (5-Feb-2023)
Discarding device blocks: done                            
Creating filesystem with 2621184 4k blocks and 655360 inodes
Filesystem UUID: 300da8de-1383-477f-9c3b-bd97da64839f
Superblock backups stored on blocks: 
	32768, 98304, 163840, 229376, 294912, 819200, 884736, 1605632

Allocating group tables: done                            
Writing inode tables: done                            
Creating journal (16384 blocks): done
Writing superblocks and filesystem accounting information: done 

root@otus1:/home/serge# mkdir /mnt/data
root@otus1:/home/serge# ls -l /dev/disk/by-uuid/
total 0
lrwxrwxrwx 1 root root  9 Aug 18 10:48 2025-08-05-23-54-07-00 -> ../../sr0
lrwxrwxrwx 1 root root 10 Aug 18 11:47 300da8de-1383-477f-9c3b-bd97da64839f -> ../../sdb1
lrwxrwxrwx 1 root root 10 Aug 18 10:48 4260bf10-8c49-4d9e-8e3d-c4b3196a398c -> ../../sda2
root@otus1:/home/serge# nano /etc/fstab 
root@otus1:/home/serge# 
root@otus1:/home/serge# 
root@otus1:/home/serge# mount /mnt/data/
mount: /mnt/data: unknown filesystem type 'defaults'.
       dmesg(1) may have more information after failed mount system call.
mount: (hint) your fstab has been modified, but systemd still uses
       the old version; use 'systemctl daemon-reload' to reload.
root@otus1:/home/serge# nano /etc/fstab 
root@otus1:/home/serge# 
root@otus1:/home/serge# 
root@otus1:/home/serge# mount /mnt/data/
mount: (hint) your fstab has been modified, but systemd still uses
       the old version; use 'systemctl daemon-reload' to reload.
root@otus1:/home/serge# df -h
Filesystem      Size  Used Avail Use% Mounted on
tmpfs           392M 1020K  391M   1% /run
/dev/sda2        32G  6.8G   23G  23% /
tmpfs           2.0G  1.1M  2.0G   1% /dev/shm
tmpfs           5.0M     0  5.0M   0% /run/lock
tmpfs           392M  8.0K  392M   1% /run/user/1000
/dev/sdb1       9.8G   24K  9.3G   1% /mnt/data

root@otus1:/home/serge# mv -v /var/lib/postgresql/15 /mnt/data/
created directory '/mnt/data/15'
created directory '/mnt/data/15/main'
created directory '/mnt/data/15/main/pg_wal'
created directory '/mnt/data/15/main/pg_wal/archive_status'
copied '/var/lib/postgresql/15/main/pg_wal/000000010000000000000001' -> '/mnt/data/15/main/pg_wal/000000010000000000000001'
created directory '/mnt/data/15/main/global'
copied '/var/lib/postgresql/15/main/global/pg_control' -> '/mnt/data/15/main/global/pg_control'
copied '/var/lib/postgresql/15/main/global/1262' -> '/mnt/data/15/main/global/1262'
copied '/var/lib/postgresql/15/main/global/2964' -> '/mnt/data/15/main/global/2964'
copied '/var/lib/postgresql/15/main/global/1213' -> '/mnt/data/15/main/global/1213'
copied '/var/lib/postgresql/15/main/global/1260' -> '/mnt/data/15/main/global/1260'
copied '/var/lib/postgresql/15/main/global/1261' -> '/mnt/data/15/main/global/1261'
copied '/var/lib/postgresql/15/main/global/1214' -> '/mnt/data/15/main/global/1214'
copied '/var/lib/postgresql/15/main/global/2396' -> '/mnt/data/15/main/global/2396'
copied '/var/lib/postgresql/15/main/global/6000' -> '/mnt/data/15/main/global/6000'
copied '/var/lib/postgresql/15/main/global/3592' -> '/mnt/data/15/main/global/3592'
copied '/var/lib/postgresql/15/main/global/6243' -> '/mnt/data/15/main/global/6243'
copied '/var/lib/postgresql/15/main/global/6100' -> '/mnt/data/15/main/global/6100'
copied '/var/lib/postgresql/15/main/global/4177' -> '/mnt/data/15/main/global/4177'
copied '/var/lib/postgresql/15/main/global/4178' -> '/mnt/data/15/main/global/4178'
copied '/var/lib/postgresql/15/main/global/2966' -> '/mnt/data/15/main/global/2966'
copied '/var/lib/postgresql/15/main/global/2967' -> '/mnt/data/15/main/global/2967'
copied '/var/lib/postgresql/15/main/global/4185' -> '/mnt/data/15/main/global/4185'
copied '/var/lib/postgresql/15/main/global/4186' -> '/mnt/data/15/main/global/4186'
copied '/var/lib/postgresql/15/main/global/4175' -> '/mnt/data/15/main/global/4175'
copied '/var/lib/postgresql/15/main/global/4176' -> '/mnt/data/15/main/global/4176'
copied '/var/lib/postgresql/15/main/global/2846' -> '/mnt/data/15/main/global/2846'
copied '/var/lib/postgresql/15/main/global/2847' -> '/mnt/data/15/main/global/2847'
copied '/var/lib/postgresql/15/main/global/4181' -> '/mnt/data/15/main/global/4181'
copied '/var/lib/postgresql/15/main/global/4182' -> '/mnt/data/15/main/global/4182'
copied '/var/lib/postgresql/15/main/global/4060' -> '/mnt/data/15/main/global/4060'
copied '/var/lib/postgresql/15/main/global/4061' -> '/mnt/data/15/main/global/4061'
copied '/var/lib/postgresql/15/main/global/6244' -> '/mnt/data/15/main/global/6244'
copied '/var/lib/postgresql/15/main/global/6245' -> '/mnt/data/15/main/global/6245'
copied '/var/lib/postgresql/15/main/global/4183' -> '/mnt/data/15/main/global/4183'
copied '/var/lib/postgresql/15/main/global/4184' -> '/mnt/data/15/main/global/4184'
copied '/var/lib/postgresql/15/main/global/2671' -> '/mnt/data/15/main/global/2671'
copied '/var/lib/postgresql/15/main/global/2672' -> '/mnt/data/15/main/global/2672'
copied '/var/lib/postgresql/15/main/global/2965' -> '/mnt/data/15/main/global/2965'
copied '/var/lib/postgresql/15/main/global/2697' -> '/mnt/data/15/main/global/2697'
copied '/var/lib/postgresql/15/main/global/2698' -> '/mnt/data/15/main/global/2698'
copied '/var/lib/postgresql/15/main/global/2676' -> '/mnt/data/15/main/global/2676'
copied '/var/lib/postgresql/15/main/global/2677' -> '/mnt/data/15/main/global/2677'
copied '/var/lib/postgresql/15/main/global/2694' -> '/mnt/data/15/main/global/2694'
copied '/var/lib/postgresql/15/main/global/2695' -> '/mnt/data/15/main/global/2695'
copied '/var/lib/postgresql/15/main/global/1232' -> '/mnt/data/15/main/global/1232'
copied '/var/lib/postgresql/15/main/global/1233' -> '/mnt/data/15/main/global/1233'
copied '/var/lib/postgresql/15/main/global/2397' -> '/mnt/data/15/main/global/2397'
copied '/var/lib/postgresql/15/main/global/6001' -> '/mnt/data/15/main/global/6001'
copied '/var/lib/postgresql/15/main/global/6002' -> '/mnt/data/15/main/global/6002'
copied '/var/lib/postgresql/15/main/global/3593' -> '/mnt/data/15/main/global/3593'
copied '/var/lib/postgresql/15/main/global/6246' -> '/mnt/data/15/main/global/6246'
copied '/var/lib/postgresql/15/main/global/6247' -> '/mnt/data/15/main/global/6247'
copied '/var/lib/postgresql/15/main/global/6114' -> '/mnt/data/15/main/global/6114'
copied '/var/lib/postgresql/15/main/global/6115' -> '/mnt/data/15/main/global/6115'
copied '/var/lib/postgresql/15/main/global/pg_filenode.map' -> '/mnt/data/15/main/global/pg_filenode.map'
copied '/var/lib/postgresql/15/main/global/1260_vm' -> '/mnt/data/15/main/global/1260_vm'
copied '/var/lib/postgresql/15/main/global/1260_fsm' -> '/mnt/data/15/main/global/1260_fsm'
copied '/var/lib/postgresql/15/main/global/1262_vm' -> '/mnt/data/15/main/global/1262_vm'
copied '/var/lib/postgresql/15/main/global/1262_fsm' -> '/mnt/data/15/main/global/1262_fsm'
copied '/var/lib/postgresql/15/main/global/1213_vm' -> '/mnt/data/15/main/global/1213_vm'
copied '/var/lib/postgresql/15/main/global/1213_fsm' -> '/mnt/data/15/main/global/1213_fsm'
copied '/var/lib/postgresql/15/main/global/1261_vm' -> '/mnt/data/15/main/global/1261_vm'
copied '/var/lib/postgresql/15/main/global/1261_fsm' -> '/mnt/data/15/main/global/1261_fsm'
copied '/var/lib/postgresql/15/main/global/2396_vm' -> '/mnt/data/15/main/global/2396_vm'
copied '/var/lib/postgresql/15/main/global/2396_fsm' -> '/mnt/data/15/main/global/2396_fsm'
copied '/var/lib/postgresql/15/main/global/pg_internal.init' -> '/mnt/data/15/main/global/pg_internal.init'
created directory '/mnt/data/15/main/pg_commit_ts'
created directory '/mnt/data/15/main/pg_dynshmem'
created directory '/mnt/data/15/main/pg_notify'
created directory '/mnt/data/15/main/pg_serial'
created directory '/mnt/data/15/main/pg_snapshots'
created directory '/mnt/data/15/main/pg_subtrans'
copied '/var/lib/postgresql/15/main/pg_subtrans/0000' -> '/mnt/data/15/main/pg_subtrans/0000'
created directory '/mnt/data/15/main/pg_twophase'
created directory '/mnt/data/15/main/pg_multixact'
created directory '/mnt/data/15/main/pg_multixact/members'
copied '/var/lib/postgresql/15/main/pg_multixact/members/0000' -> '/mnt/data/15/main/pg_multixact/members/0000'
created directory '/mnt/data/15/main/pg_multixact/offsets'
copied '/var/lib/postgresql/15/main/pg_multixact/offsets/0000' -> '/mnt/data/15/main/pg_multixact/offsets/0000'
created directory '/mnt/data/15/main/base'
created directory '/mnt/data/15/main/base/1'
copied '/var/lib/postgresql/15/main/base/1/pg_internal.init' -> '/mnt/data/15/main/base/1/pg_internal.init'
copied '/var/lib/postgresql/15/main/base/1/PG_VERSION' -> '/mnt/data/15/main/base/1/PG_VERSION'
copied '/var/lib/postgresql/15/main/base/1/1255' -> '/mnt/data/15/main/base/1/1255'
copied '/var/lib/postgresql/15/main/base/1/1255_fsm' -> '/mnt/data/15/main/base/1/1255_fsm'
copied '/var/lib/postgresql/15/main/base/1/1247' -> '/mnt/data/15/main/base/1/1247'
copied '/var/lib/postgresql/15/main/base/1/1247_fsm' -> '/mnt/data/15/main/base/1/1247_fsm'
copied '/var/lib/postgresql/15/main/base/1/1249' -> '/mnt/data/15/main/base/1/1249'
copied '/var/lib/postgresql/15/main/base/1/1249_fsm' -> '/mnt/data/15/main/base/1/1249_fsm'
copied '/var/lib/postgresql/15/main/base/1/1259' -> '/mnt/data/15/main/base/1/1259'
copied '/var/lib/postgresql/15/main/base/1/2604' -> '/mnt/data/15/main/base/1/2604'
copied '/var/lib/postgresql/15/main/base/1/2606' -> '/mnt/data/15/main/base/1/2606'
copied '/var/lib/postgresql/15/main/base/1/2611' -> '/mnt/data/15/main/base/1/2611'
copied '/var/lib/postgresql/15/main/base/1/2610' -> '/mnt/data/15/main/base/1/2610'
copied '/var/lib/postgresql/15/main/base/1/2617' -> '/mnt/data/15/main/base/1/2617'
copied '/var/lib/postgresql/15/main/base/1/2617_fsm' -> '/mnt/data/15/main/base/1/2617_fsm'
copied '/var/lib/postgresql/15/main/base/1/2753' -> '/mnt/data/15/main/base/1/2753'
copied '/var/lib/postgresql/15/main/base/1/2753_fsm' -> '/mnt/data/15/main/base/1/2753_fsm'
copied '/var/lib/postgresql/15/main/base/1/2616' -> '/mnt/data/15/main/base/1/2616'
copied '/var/lib/postgresql/15/main/base/1/2616_fsm' -> '/mnt/data/15/main/base/1/2616_fsm'
copied '/var/lib/postgresql/15/main/base/1/2601' -> '/mnt/data/15/main/base/1/2601'
copied '/var/lib/postgresql/15/main/base/1/2602' -> '/mnt/data/15/main/base/1/2602'
copied '/var/lib/postgresql/15/main/base/1/2602_fsm' -> '/mnt/data/15/main/base/1/2602_fsm'
copied '/var/lib/postgresql/15/main/base/1/2603' -> '/mnt/data/15/main/base/1/2603'
copied '/var/lib/postgresql/15/main/base/1/2603_fsm' -> '/mnt/data/15/main/base/1/2603_fsm'
copied '/var/lib/postgresql/15/main/base/1/2612' -> '/mnt/data/15/main/base/1/2612'
copied '/var/lib/postgresql/15/main/base/1/2995' -> '/mnt/data/15/main/base/1/2995'
copied '/var/lib/postgresql/15/main/base/1/2613' -> '/mnt/data/15/main/base/1/2613'
copied '/var/lib/postgresql/15/main/base/1/2600' -> '/mnt/data/15/main/base/1/2600'
copied '/var/lib/postgresql/15/main/base/1/2600_fsm' -> '/mnt/data/15/main/base/1/2600_fsm'
copied '/var/lib/postgresql/15/main/base/1/2619' -> '/mnt/data/15/main/base/1/2619'
copied '/var/lib/postgresql/15/main/base/1/3381' -> '/mnt/data/15/main/base/1/3381'
copied '/var/lib/postgresql/15/main/base/1/3429' -> '/mnt/data/15/main/base/1/3429'
copied '/var/lib/postgresql/15/main/base/1/2618' -> '/mnt/data/15/main/base/1/2618'
copied '/var/lib/postgresql/15/main/base/1/2620' -> '/mnt/data/15/main/base/1/2620'
copied '/var/lib/postgresql/15/main/base/1/3466' -> '/mnt/data/15/main/base/1/3466'
copied '/var/lib/postgresql/15/main/base/1/2609' -> '/mnt/data/15/main/base/1/2609'
copied '/var/lib/postgresql/15/main/base/1/2609_fsm' -> '/mnt/data/15/main/base/1/2609_fsm'
copied '/var/lib/postgresql/15/main/base/1/2605' -> '/mnt/data/15/main/base/1/2605'
copied '/var/lib/postgresql/15/main/base/1/2605_fsm' -> '/mnt/data/15/main/base/1/2605_fsm'
copied '/var/lib/postgresql/15/main/base/1/3501' -> '/mnt/data/15/main/base/1/3501'
copied '/var/lib/postgresql/15/main/base/1/2615' -> '/mnt/data/15/main/base/1/2615'
copied '/var/lib/postgresql/15/main/base/1/2607' -> '/mnt/data/15/main/base/1/2607'
copied '/var/lib/postgresql/15/main/base/1/2607_fsm' -> '/mnt/data/15/main/base/1/2607_fsm'
copied '/var/lib/postgresql/15/main/base/1/2608' -> '/mnt/data/15/main/base/1/2608'
copied '/var/lib/postgresql/15/main/base/1/3602' -> '/mnt/data/15/main/base/1/3602'
copied '/var/lib/postgresql/15/main/base/1/3603' -> '/mnt/data/15/main/base/1/3603'
copied '/var/lib/postgresql/15/main/base/1/3600' -> '/mnt/data/15/main/base/1/3600'
copied '/var/lib/postgresql/15/main/base/1/3601' -> '/mnt/data/15/main/base/1/3601'
copied '/var/lib/postgresql/15/main/base/1/3764' -> '/mnt/data/15/main/base/1/3764'
copied '/var/lib/postgresql/15/main/base/1/3079' -> '/mnt/data/15/main/base/1/3079'
copied '/var/lib/postgresql/15/main/base/1/2328' -> '/mnt/data/15/main/base/1/2328'
copied '/var/lib/postgresql/15/main/base/1/1417' -> '/mnt/data/15/main/base/1/1417'
copied '/var/lib/postgresql/15/main/base/1/1418' -> '/mnt/data/15/main/base/1/1418'
copied '/var/lib/postgresql/15/main/base/1/1259_fsm' -> '/mnt/data/15/main/base/1/1259_fsm'
copied '/var/lib/postgresql/15/main/base/1/3118' -> '/mnt/data/15/main/base/1/3118'
copied '/var/lib/postgresql/15/main/base/1/3256' -> '/mnt/data/15/main/base/1/3256'
copied '/var/lib/postgresql/15/main/base/1/826' -> '/mnt/data/15/main/base/1/826'
copied '/var/lib/postgresql/15/main/base/1/3394' -> '/mnt/data/15/main/base/1/3394'
copied '/var/lib/postgresql/15/main/base/1/3596' -> '/mnt/data/15/main/base/1/3596'
copied '/var/lib/postgresql/15/main/base/1/3456' -> '/mnt/data/15/main/base/1/3456'
copied '/var/lib/postgresql/15/main/base/1/3350' -> '/mnt/data/15/main/base/1/3350'
copied '/var/lib/postgresql/15/main/base/1/3541' -> '/mnt/data/15/main/base/1/3541'
copied '/var/lib/postgresql/15/main/base/1/3576' -> '/mnt/data/15/main/base/1/3576'
copied '/var/lib/postgresql/15/main/base/1/2224' -> '/mnt/data/15/main/base/1/2224'
copied '/var/lib/postgresql/15/main/base/1/6104' -> '/mnt/data/15/main/base/1/6104'
copied '/var/lib/postgresql/15/main/base/1/6237' -> '/mnt/data/15/main/base/1/6237'
copied '/var/lib/postgresql/15/main/base/1/6106' -> '/mnt/data/15/main/base/1/6106'
copied '/var/lib/postgresql/15/main/base/1/6102' -> '/mnt/data/15/main/base/1/6102'
copied '/var/lib/postgresql/15/main/base/1/2836' -> '/mnt/data/15/main/base/1/2836'
copied '/var/lib/postgresql/15/main/base/1/2837' -> '/mnt/data/15/main/base/1/2837'
copied '/var/lib/postgresql/15/main/base/1/4171' -> '/mnt/data/15/main/base/1/4171'
copied '/var/lib/postgresql/15/main/base/1/4172' -> '/mnt/data/15/main/base/1/4172'
copied '/var/lib/postgresql/15/main/base/1/2830' -> '/mnt/data/15/main/base/1/2830'
copied '/var/lib/postgresql/15/main/base/1/2831' -> '/mnt/data/15/main/base/1/2831'
copied '/var/lib/postgresql/15/main/base/1/2832' -> '/mnt/data/15/main/base/1/2832'
copied '/var/lib/postgresql/15/main/base/1/2833' -> '/mnt/data/15/main/base/1/2833'
copied '/var/lib/postgresql/15/main/base/1/4157' -> '/mnt/data/15/main/base/1/4157'
copied '/var/lib/postgresql/15/main/base/1/4158' -> '/mnt/data/15/main/base/1/4158'
copied '/var/lib/postgresql/15/main/base/1/4159' -> '/mnt/data/15/main/base/1/4159'
copied '/var/lib/postgresql/15/main/base/1/4160' -> '/mnt/data/15/main/base/1/4160'
copied '/var/lib/postgresql/15/main/base/1/2840' -> '/mnt/data/15/main/base/1/2840'
copied '/var/lib/postgresql/15/main/base/1/2841' -> '/mnt/data/15/main/base/1/2841'
copied '/var/lib/postgresql/15/main/base/1/3439' -> '/mnt/data/15/main/base/1/3439'
copied '/var/lib/postgresql/15/main/base/1/3440' -> '/mnt/data/15/main/base/1/3440'
copied '/var/lib/postgresql/15/main/base/1/3430' -> '/mnt/data/15/main/base/1/3430'
copied '/var/lib/postgresql/15/main/base/1/3431' -> '/mnt/data/15/main/base/1/3431'
copied '/var/lib/postgresql/15/main/base/1/2838' -> '/mnt/data/15/main/base/1/2838'
copied '/var/lib/postgresql/15/main/base/1/2839' -> '/mnt/data/15/main/base/1/2839'
copied '/var/lib/postgresql/15/main/base/1/2336' -> '/mnt/data/15/main/base/1/2336'
copied '/var/lib/postgresql/15/main/base/1/2337' -> '/mnt/data/15/main/base/1/2337'
copied '/var/lib/postgresql/15/main/base/1/4145' -> '/mnt/data/15/main/base/1/4145'
copied '/var/lib/postgresql/15/main/base/1/4146' -> '/mnt/data/15/main/base/1/4146'
copied '/var/lib/postgresql/15/main/base/1/2834' -> '/mnt/data/15/main/base/1/2834'
copied '/var/lib/postgresql/15/main/base/1/2835' -> '/mnt/data/15/main/base/1/2835'
copied '/var/lib/postgresql/15/main/base/1/4163' -> '/mnt/data/15/main/base/1/4163'
copied '/var/lib/postgresql/15/main/base/1/4164' -> '/mnt/data/15/main/base/1/4164'
copied '/var/lib/postgresql/15/main/base/1/4169' -> '/mnt/data/15/main/base/1/4169'
copied '/var/lib/postgresql/15/main/base/1/4170' -> '/mnt/data/15/main/base/1/4170'
copied '/var/lib/postgresql/15/main/base/1/4147' -> '/mnt/data/15/main/base/1/4147'
copied '/var/lib/postgresql/15/main/base/1/4148' -> '/mnt/data/15/main/base/1/4148'
copied '/var/lib/postgresql/15/main/base/1/4149' -> '/mnt/data/15/main/base/1/4149'
copied '/var/lib/postgresql/15/main/base/1/4150' -> '/mnt/data/15/main/base/1/4150'
copied '/var/lib/postgresql/15/main/base/1/4151' -> '/mnt/data/15/main/base/1/4151'
copied '/var/lib/postgresql/15/main/base/1/4152' -> '/mnt/data/15/main/base/1/4152'
copied '/var/lib/postgresql/15/main/base/1/4173' -> '/mnt/data/15/main/base/1/4173'
copied '/var/lib/postgresql/15/main/base/1/4174' -> '/mnt/data/15/main/base/1/4174'
copied '/var/lib/postgresql/15/main/base/1/4153' -> '/mnt/data/15/main/base/1/4153'
copied '/var/lib/postgresql/15/main/base/1/4154' -> '/mnt/data/15/main/base/1/4154'
copied '/var/lib/postgresql/15/main/base/1/4167' -> '/mnt/data/15/main/base/1/4167'
copied '/var/lib/postgresql/15/main/base/1/4168' -> '/mnt/data/15/main/base/1/4168'
copied '/var/lib/postgresql/15/main/base/1/4143' -> '/mnt/data/15/main/base/1/4143'
copied '/var/lib/postgresql/15/main/base/1/4144' -> '/mnt/data/15/main/base/1/4144'
copied '/var/lib/postgresql/15/main/base/1/4155' -> '/mnt/data/15/main/base/1/4155'
copied '/var/lib/postgresql/15/main/base/1/4156' -> '/mnt/data/15/main/base/1/4156'
copied '/var/lib/postgresql/15/main/base/1/3598' -> '/mnt/data/15/main/base/1/3598'
copied '/var/lib/postgresql/15/main/base/1/3599' -> '/mnt/data/15/main/base/1/3599'
copied '/var/lib/postgresql/15/main/base/1/6175' -> '/mnt/data/15/main/base/1/6175'
copied '/var/lib/postgresql/15/main/base/1/6176' -> '/mnt/data/15/main/base/1/6176'
copied '/var/lib/postgresql/15/main/base/1/4165' -> '/mnt/data/15/main/base/1/4165'
copied '/var/lib/postgresql/15/main/base/1/4166' -> '/mnt/data/15/main/base/1/4166'
copied '/var/lib/postgresql/15/main/base/1/6228' -> '/mnt/data/15/main/base/1/6228'
copied '/var/lib/postgresql/15/main/base/1/6229' -> '/mnt/data/15/main/base/1/6229'
copied '/var/lib/postgresql/15/main/base/1/2690' -> '/mnt/data/15/main/base/1/2690'
copied '/var/lib/postgresql/15/main/base/1/2691' -> '/mnt/data/15/main/base/1/2691'
copied '/var/lib/postgresql/15/main/base/1/2703' -> '/mnt/data/15/main/base/1/2703'
copied '/var/lib/postgresql/15/main/base/1/2704' -> '/mnt/data/15/main/base/1/2704'
copied '/var/lib/postgresql/15/main/base/1/2658' -> '/mnt/data/15/main/base/1/2658'
copied '/var/lib/postgresql/15/main/base/1/2659' -> '/mnt/data/15/main/base/1/2659'
copied '/var/lib/postgresql/15/main/base/1/2662' -> '/mnt/data/15/main/base/1/2662'
copied '/var/lib/postgresql/15/main/base/1/2663' -> '/mnt/data/15/main/base/1/2663'
copied '/var/lib/postgresql/15/main/base/1/3455' -> '/mnt/data/15/main/base/1/3455'
copied '/var/lib/postgresql/15/main/base/1/2656' -> '/mnt/data/15/main/base/1/2656'
copied '/var/lib/postgresql/15/main/base/1/2610_fsm' -> '/mnt/data/15/main/base/1/2610_fsm'
copied '/var/lib/postgresql/15/main/base/1/2657' -> '/mnt/data/15/main/base/1/2657'
copied '/var/lib/postgresql/15/main/base/1/2664' -> '/mnt/data/15/main/base/1/2664'
copied '/var/lib/postgresql/15/main/base/1/2665' -> '/mnt/data/15/main/base/1/2665'
copied '/var/lib/postgresql/15/main/base/1/2666' -> '/mnt/data/15/main/base/1/2666'
copied '/var/lib/postgresql/15/main/base/1/2667' -> '/mnt/data/15/main/base/1/2667'
copied '/var/lib/postgresql/15/main/base/1/2579' -> '/mnt/data/15/main/base/1/2579'
copied '/var/lib/postgresql/15/main/base/1/2680' -> '/mnt/data/15/main/base/1/2680'
copied '/var/lib/postgresql/15/main/base/1/2187' -> '/mnt/data/15/main/base/1/2187'
copied '/var/lib/postgresql/15/main/base/1/2678' -> '/mnt/data/15/main/base/1/2678'
copied '/var/lib/postgresql/15/main/base/1/2679' -> '/mnt/data/15/main/base/1/2679'
copied '/var/lib/postgresql/15/main/base/1/2688' -> '/mnt/data/15/main/base/1/2688'
copied '/var/lib/postgresql/15/main/base/1/2689' -> '/mnt/data/15/main/base/1/2689'
copied '/var/lib/postgresql/15/main/base/1/2754' -> '/mnt/data/15/main/base/1/2754'
copied '/var/lib/postgresql/15/main/base/1/2755' -> '/mnt/data/15/main/base/1/2755'
copied '/var/lib/postgresql/15/main/base/1/2686' -> '/mnt/data/15/main/base/1/2686'
copied '/var/lib/postgresql/15/main/base/1/2687' -> '/mnt/data/15/main/base/1/2687'
copied '/var/lib/postgresql/15/main/base/1/2651' -> '/mnt/data/15/main/base/1/2651'
copied '/var/lib/postgresql/15/main/base/1/2652' -> '/mnt/data/15/main/base/1/2652'
copied '/var/lib/postgresql/15/main/base/1/2653' -> '/mnt/data/15/main/base/1/2653'
copied '/var/lib/postgresql/15/main/base/1/2654' -> '/mnt/data/15/main/base/1/2654'
copied '/var/lib/postgresql/15/main/base/1/2756' -> '/mnt/data/15/main/base/1/2756'
copied '/var/lib/postgresql/15/main/base/1/2655' -> '/mnt/data/15/main/base/1/2655'
copied '/var/lib/postgresql/15/main/base/1/2757' -> '/mnt/data/15/main/base/1/2757'
copied '/var/lib/postgresql/15/main/base/1/2681' -> '/mnt/data/15/main/base/1/2681'
copied '/var/lib/postgresql/15/main/base/1/2682' -> '/mnt/data/15/main/base/1/2682'
copied '/var/lib/postgresql/15/main/base/1/2996' -> '/mnt/data/15/main/base/1/2996'
copied '/var/lib/postgresql/15/main/base/1/2683' -> '/mnt/data/15/main/base/1/2683'
copied '/var/lib/postgresql/15/main/base/1/2650' -> '/mnt/data/15/main/base/1/2650'
copied '/var/lib/postgresql/15/main/base/1/2696' -> '/mnt/data/15/main/base/1/2696'
copied '/var/lib/postgresql/15/main/base/1/3380' -> '/mnt/data/15/main/base/1/3380'
copied '/var/lib/postgresql/15/main/base/1/3997' -> '/mnt/data/15/main/base/1/3997'
copied '/var/lib/postgresql/15/main/base/1/3379' -> '/mnt/data/15/main/base/1/3379'
copied '/var/lib/postgresql/15/main/base/1/3433' -> '/mnt/data/15/main/base/1/3433'
copied '/var/lib/postgresql/15/main/base/1/2692' -> '/mnt/data/15/main/base/1/2692'
copied '/var/lib/postgresql/15/main/base/1/2693' -> '/mnt/data/15/main/base/1/2693'
copied '/var/lib/postgresql/15/main/base/1/2699' -> '/mnt/data/15/main/base/1/2699'
copied '/var/lib/postgresql/15/main/base/1/2701' -> '/mnt/data/15/main/base/1/2701'
copied '/var/lib/postgresql/15/main/base/1/2702' -> '/mnt/data/15/main/base/1/2702'
copied '/var/lib/postgresql/15/main/base/1/3467' -> '/mnt/data/15/main/base/1/3467'
copied '/var/lib/postgresql/15/main/base/1/3468' -> '/mnt/data/15/main/base/1/3468'
copied '/var/lib/postgresql/15/main/base/1/2675' -> '/mnt/data/15/main/base/1/2675'
copied '/var/lib/postgresql/15/main/base/1/2660' -> '/mnt/data/15/main/base/1/2660'
copied '/var/lib/postgresql/15/main/base/1/2661' -> '/mnt/data/15/main/base/1/2661'
copied '/var/lib/postgresql/15/main/base/1/3502' -> '/mnt/data/15/main/base/1/3502'
copied '/var/lib/postgresql/15/main/base/1/3503' -> '/mnt/data/15/main/base/1/3503'
copied '/var/lib/postgresql/15/main/base/1/3534' -> '/mnt/data/15/main/base/1/3534'
copied '/var/lib/postgresql/15/main/base/1/2684' -> '/mnt/data/15/main/base/1/2684'
copied '/var/lib/postgresql/15/main/base/1/2685' -> '/mnt/data/15/main/base/1/2685'
copied '/var/lib/postgresql/15/main/base/1/2668' -> '/mnt/data/15/main/base/1/2668'
copied '/var/lib/postgresql/15/main/base/1/2669' -> '/mnt/data/15/main/base/1/2669'
copied '/var/lib/postgresql/15/main/base/1/2670' -> '/mnt/data/15/main/base/1/2670'
copied '/var/lib/postgresql/15/main/base/1/2673' -> '/mnt/data/15/main/base/1/2673'
copied '/var/lib/postgresql/15/main/base/1/2674' -> '/mnt/data/15/main/base/1/2674'
copied '/var/lib/postgresql/15/main/base/1/3608' -> '/mnt/data/15/main/base/1/3608'
copied '/var/lib/postgresql/15/main/base/1/3712' -> '/mnt/data/15/main/base/1/3712'
copied '/var/lib/postgresql/15/main/base/1/3609' -> '/mnt/data/15/main/base/1/3609'
copied '/var/lib/postgresql/15/main/base/1/3604' -> '/mnt/data/15/main/base/1/3604'
copied '/var/lib/postgresql/15/main/base/1/3605' -> '/mnt/data/15/main/base/1/3605'
copied '/var/lib/postgresql/15/main/base/1/3606' -> '/mnt/data/15/main/base/1/3606'
copied '/var/lib/postgresql/15/main/base/1/3607' -> '/mnt/data/15/main/base/1/3607'
copied '/var/lib/postgresql/15/main/base/1/3766' -> '/mnt/data/15/main/base/1/3766'
copied '/var/lib/postgresql/15/main/base/1/3767' -> '/mnt/data/15/main/base/1/3767'
copied '/var/lib/postgresql/15/main/base/1/3080' -> '/mnt/data/15/main/base/1/3080'
copied '/var/lib/postgresql/15/main/base/1/3081' -> '/mnt/data/15/main/base/1/3081'
copied '/var/lib/postgresql/15/main/base/1/112' -> '/mnt/data/15/main/base/1/112'
copied '/var/lib/postgresql/15/main/base/1/548' -> '/mnt/data/15/main/base/1/548'
copied '/var/lib/postgresql/15/main/base/1/113' -> '/mnt/data/15/main/base/1/113'
copied '/var/lib/postgresql/15/main/base/1/549' -> '/mnt/data/15/main/base/1/549'
copied '/var/lib/postgresql/15/main/base/1/174' -> '/mnt/data/15/main/base/1/174'
copied '/var/lib/postgresql/15/main/base/1/175' -> '/mnt/data/15/main/base/1/175'
copied '/var/lib/postgresql/15/main/base/1/3119' -> '/mnt/data/15/main/base/1/3119'
copied '/var/lib/postgresql/15/main/base/1/3257' -> '/mnt/data/15/main/base/1/3257'
copied '/var/lib/postgresql/15/main/base/1/3258' -> '/mnt/data/15/main/base/1/3258'
copied '/var/lib/postgresql/15/main/base/1/827' -> '/mnt/data/15/main/base/1/827'
copied '/var/lib/postgresql/15/main/base/1/828' -> '/mnt/data/15/main/base/1/828'
copied '/var/lib/postgresql/15/main/base/1/3395' -> '/mnt/data/15/main/base/1/3395'
copied '/var/lib/postgresql/15/main/base/1/3597' -> '/mnt/data/15/main/base/1/3597'
copied '/var/lib/postgresql/15/main/base/1/3164' -> '/mnt/data/15/main/base/1/3164'
copied '/var/lib/postgresql/15/main/base/1/3085' -> '/mnt/data/15/main/base/1/3085'
copied '/var/lib/postgresql/15/main/base/1/3351' -> '/mnt/data/15/main/base/1/3351'
copied '/var/lib/postgresql/15/main/base/1/3542' -> '/mnt/data/15/main/base/1/3542'
copied '/var/lib/postgresql/15/main/base/1/2228' -> '/mnt/data/15/main/base/1/2228'
copied '/var/lib/postgresql/15/main/base/1/3574' -> '/mnt/data/15/main/base/1/3574'
copied '/var/lib/postgresql/15/main/base/1/3575' -> '/mnt/data/15/main/base/1/3575'
copied '/var/lib/postgresql/15/main/base/1/5002' -> '/mnt/data/15/main/base/1/5002'
copied '/var/lib/postgresql/15/main/base/1/6110' -> '/mnt/data/15/main/base/1/6110'
copied '/var/lib/postgresql/15/main/base/1/6111' -> '/mnt/data/15/main/base/1/6111'
copied '/var/lib/postgresql/15/main/base/1/6238' -> '/mnt/data/15/main/base/1/6238'
copied '/var/lib/postgresql/15/main/base/1/6239' -> '/mnt/data/15/main/base/1/6239'
copied '/var/lib/postgresql/15/main/base/1/6112' -> '/mnt/data/15/main/base/1/6112'
copied '/var/lib/postgresql/15/main/base/1/6113' -> '/mnt/data/15/main/base/1/6113'
copied '/var/lib/postgresql/15/main/base/1/6116' -> '/mnt/data/15/main/base/1/6116'
copied '/var/lib/postgresql/15/main/base/1/6117' -> '/mnt/data/15/main/base/1/6117'
copied '/var/lib/postgresql/15/main/base/1/pg_filenode.map' -> '/mnt/data/15/main/base/1/pg_filenode.map'
copied '/var/lib/postgresql/15/main/base/1/2606_fsm' -> '/mnt/data/15/main/base/1/2606_fsm'
copied '/var/lib/postgresql/15/main/base/1/2838_fsm' -> '/mnt/data/15/main/base/1/2838_fsm'
copied '/var/lib/postgresql/15/main/base/1/2618_fsm' -> '/mnt/data/15/main/base/1/2618_fsm'
copied '/var/lib/postgresql/15/main/base/1/2608_fsm' -> '/mnt/data/15/main/base/1/2608_fsm'
copied '/var/lib/postgresql/15/main/base/1/3456_fsm' -> '/mnt/data/15/main/base/1/3456_fsm'
copied '/var/lib/postgresql/15/main/base/1/3603_fsm' -> '/mnt/data/15/main/base/1/3603_fsm'
copied '/var/lib/postgresql/15/main/base/1/3394_fsm' -> '/mnt/data/15/main/base/1/3394_fsm'
copied '/var/lib/postgresql/15/main/base/1/13439' -> '/mnt/data/15/main/base/1/13439'
copied '/var/lib/postgresql/15/main/base/1/13442' -> '/mnt/data/15/main/base/1/13442'
copied '/var/lib/postgresql/15/main/base/1/13443' -> '/mnt/data/15/main/base/1/13443'
copied '/var/lib/postgresql/15/main/base/1/13444' -> '/mnt/data/15/main/base/1/13444'
copied '/var/lib/postgresql/15/main/base/1/13447' -> '/mnt/data/15/main/base/1/13447'
copied '/var/lib/postgresql/15/main/base/1/13448' -> '/mnt/data/15/main/base/1/13448'
copied '/var/lib/postgresql/15/main/base/1/13449' -> '/mnt/data/15/main/base/1/13449'
copied '/var/lib/postgresql/15/main/base/1/13452' -> '/mnt/data/15/main/base/1/13452'
copied '/var/lib/postgresql/15/main/base/1/13453' -> '/mnt/data/15/main/base/1/13453'
copied '/var/lib/postgresql/15/main/base/1/13454' -> '/mnt/data/15/main/base/1/13454'
copied '/var/lib/postgresql/15/main/base/1/13457' -> '/mnt/data/15/main/base/1/13457'
copied '/var/lib/postgresql/15/main/base/1/13458' -> '/mnt/data/15/main/base/1/13458'
copied '/var/lib/postgresql/15/main/base/1/13439_fsm' -> '/mnt/data/15/main/base/1/13439_fsm'
copied '/var/lib/postgresql/15/main/base/1/2619_fsm' -> '/mnt/data/15/main/base/1/2619_fsm'
copied '/var/lib/postgresql/15/main/base/1/2840_fsm' -> '/mnt/data/15/main/base/1/2840_fsm'
copied '/var/lib/postgresql/15/main/base/1/2619_vm' -> '/mnt/data/15/main/base/1/2619_vm'
copied '/var/lib/postgresql/15/main/base/1/2840_vm' -> '/mnt/data/15/main/base/1/2840_vm'
copied '/var/lib/postgresql/15/main/base/1/1247_vm' -> '/mnt/data/15/main/base/1/1247_vm'
copied '/var/lib/postgresql/15/main/base/1/1249_vm' -> '/mnt/data/15/main/base/1/1249_vm'
copied '/var/lib/postgresql/15/main/base/1/1255_vm' -> '/mnt/data/15/main/base/1/1255_vm'
copied '/var/lib/postgresql/15/main/base/1/2836_vm' -> '/mnt/data/15/main/base/1/2836_vm'
copied '/var/lib/postgresql/15/main/base/1/2836_fsm' -> '/mnt/data/15/main/base/1/2836_fsm'
copied '/var/lib/postgresql/15/main/base/1/1259_vm' -> '/mnt/data/15/main/base/1/1259_vm'
copied '/var/lib/postgresql/15/main/base/1/2606_vm' -> '/mnt/data/15/main/base/1/2606_vm'
copied '/var/lib/postgresql/15/main/base/1/2610_vm' -> '/mnt/data/15/main/base/1/2610_vm'
copied '/var/lib/postgresql/15/main/base/1/2617_vm' -> '/mnt/data/15/main/base/1/2617_vm'
copied '/var/lib/postgresql/15/main/base/1/2753_vm' -> '/mnt/data/15/main/base/1/2753_vm'
copied '/var/lib/postgresql/15/main/base/1/2616_vm' -> '/mnt/data/15/main/base/1/2616_vm'
copied '/var/lib/postgresql/15/main/base/1/2601_vm' -> '/mnt/data/15/main/base/1/2601_vm'
copied '/var/lib/postgresql/15/main/base/1/2601_fsm' -> '/mnt/data/15/main/base/1/2601_fsm'
copied '/var/lib/postgresql/15/main/base/1/2602_vm' -> '/mnt/data/15/main/base/1/2602_vm'
copied '/var/lib/postgresql/15/main/base/1/2603_vm' -> '/mnt/data/15/main/base/1/2603_vm'
copied '/var/lib/postgresql/15/main/base/1/2612_vm' -> '/mnt/data/15/main/base/1/2612_vm'
copied '/var/lib/postgresql/15/main/base/1/2612_fsm' -> '/mnt/data/15/main/base/1/2612_fsm'
copied '/var/lib/postgresql/15/main/base/1/2600_vm' -> '/mnt/data/15/main/base/1/2600_vm'
copied '/var/lib/postgresql/15/main/base/1/2618_vm' -> '/mnt/data/15/main/base/1/2618_vm'
copied '/var/lib/postgresql/15/main/base/1/2838_vm' -> '/mnt/data/15/main/base/1/2838_vm'
copied '/var/lib/postgresql/15/main/base/1/2609_vm' -> '/mnt/data/15/main/base/1/2609_vm'
copied '/var/lib/postgresql/15/main/base/1/2605_vm' -> '/mnt/data/15/main/base/1/2605_vm'
copied '/var/lib/postgresql/15/main/base/1/2615_vm' -> '/mnt/data/15/main/base/1/2615_vm'
copied '/var/lib/postgresql/15/main/base/1/2615_fsm' -> '/mnt/data/15/main/base/1/2615_fsm'
copied '/var/lib/postgresql/15/main/base/1/2607_vm' -> '/mnt/data/15/main/base/1/2607_vm'
copied '/var/lib/postgresql/15/main/base/1/2608_vm' -> '/mnt/data/15/main/base/1/2608_vm'
copied '/var/lib/postgresql/15/main/base/1/3602_vm' -> '/mnt/data/15/main/base/1/3602_vm'
copied '/var/lib/postgresql/15/main/base/1/3602_fsm' -> '/mnt/data/15/main/base/1/3602_fsm'
copied '/var/lib/postgresql/15/main/base/1/3603_vm' -> '/mnt/data/15/main/base/1/3603_vm'
copied '/var/lib/postgresql/15/main/base/1/3600_vm' -> '/mnt/data/15/main/base/1/3600_vm'
copied '/var/lib/postgresql/15/main/base/1/3600_fsm' -> '/mnt/data/15/main/base/1/3600_fsm'
copied '/var/lib/postgresql/15/main/base/1/3601_vm' -> '/mnt/data/15/main/base/1/3601_vm'
copied '/var/lib/postgresql/15/main/base/1/3601_fsm' -> '/mnt/data/15/main/base/1/3601_fsm'
copied '/var/lib/postgresql/15/main/base/1/3764_vm' -> '/mnt/data/15/main/base/1/3764_vm'
copied '/var/lib/postgresql/15/main/base/1/3764_fsm' -> '/mnt/data/15/main/base/1/3764_fsm'
copied '/var/lib/postgresql/15/main/base/1/3079_vm' -> '/mnt/data/15/main/base/1/3079_vm'
copied '/var/lib/postgresql/15/main/base/1/3079_fsm' -> '/mnt/data/15/main/base/1/3079_fsm'
copied '/var/lib/postgresql/15/main/base/1/3394_vm' -> '/mnt/data/15/main/base/1/3394_vm'
copied '/var/lib/postgresql/15/main/base/1/3456_vm' -> '/mnt/data/15/main/base/1/3456_vm'
copied '/var/lib/postgresql/15/main/base/1/3541_vm' -> '/mnt/data/15/main/base/1/3541_vm'
copied '/var/lib/postgresql/15/main/base/1/3541_fsm' -> '/mnt/data/15/main/base/1/3541_fsm'
copied '/var/lib/postgresql/15/main/base/1/13439_vm' -> '/mnt/data/15/main/base/1/13439_vm'
copied '/var/lib/postgresql/15/main/base/1/13444_vm' -> '/mnt/data/15/main/base/1/13444_vm'
copied '/var/lib/postgresql/15/main/base/1/13444_fsm' -> '/mnt/data/15/main/base/1/13444_fsm'
copied '/var/lib/postgresql/15/main/base/1/13449_vm' -> '/mnt/data/15/main/base/1/13449_vm'
copied '/var/lib/postgresql/15/main/base/1/13449_fsm' -> '/mnt/data/15/main/base/1/13449_fsm'
copied '/var/lib/postgresql/15/main/base/1/13454_vm' -> '/mnt/data/15/main/base/1/13454_vm'
copied '/var/lib/postgresql/15/main/base/1/13454_fsm' -> '/mnt/data/15/main/base/1/13454_fsm'
created directory '/mnt/data/15/main/base/4'
copied '/var/lib/postgresql/15/main/base/4/2754' -> '/mnt/data/15/main/base/4/2754'
copied '/var/lib/postgresql/15/main/base/4/1249_vm' -> '/mnt/data/15/main/base/4/1249_vm'
copied '/var/lib/postgresql/15/main/base/4/4143' -> '/mnt/data/15/main/base/4/4143'
copied '/var/lib/postgresql/15/main/base/4/827' -> '/mnt/data/15/main/base/4/827'
copied '/var/lib/postgresql/15/main/base/4/3351' -> '/mnt/data/15/main/base/4/3351'
copied '/var/lib/postgresql/15/main/base/4/3764' -> '/mnt/data/15/main/base/4/3764'
copied '/var/lib/postgresql/15/main/base/4/4166' -> '/mnt/data/15/main/base/4/4166'
copied '/var/lib/postgresql/15/main/base/4/13443' -> '/mnt/data/15/main/base/4/13443'
copied '/var/lib/postgresql/15/main/base/4/1259' -> '/mnt/data/15/main/base/4/1259'
copied '/var/lib/postgresql/15/main/base/4/2654' -> '/mnt/data/15/main/base/4/2654'
copied '/var/lib/postgresql/15/main/base/4/3602_fsm' -> '/mnt/data/15/main/base/4/3602_fsm'
copied '/var/lib/postgresql/15/main/base/4/2692' -> '/mnt/data/15/main/base/4/2692'
copied '/var/lib/postgresql/15/main/base/4/3079_vm' -> '/mnt/data/15/main/base/4/3079_vm'
copied '/var/lib/postgresql/15/main/base/4/4165' -> '/mnt/data/15/main/base/4/4165'
copied '/var/lib/postgresql/15/main/base/4/1247_fsm' -> '/mnt/data/15/main/base/4/1247_fsm'
copied '/var/lib/postgresql/15/main/base/4/3541' -> '/mnt/data/15/main/base/4/3541'
copied '/var/lib/postgresql/15/main/base/4/2224' -> '/mnt/data/15/main/base/4/2224'
copied '/var/lib/postgresql/15/main/base/4/3502' -> '/mnt/data/15/main/base/4/3502'
copied '/var/lib/postgresql/15/main/base/4/4170' -> '/mnt/data/15/main/base/4/4170'
copied '/var/lib/postgresql/15/main/base/4/2602_vm' -> '/mnt/data/15/main/base/4/2602_vm'
copied '/var/lib/postgresql/15/main/base/4/3574' -> '/mnt/data/15/main/base/4/3574'
copied '/var/lib/postgresql/15/main/base/4/2606_fsm' -> '/mnt/data/15/main/base/4/2606_fsm'
copied '/var/lib/postgresql/15/main/base/4/3395' -> '/mnt/data/15/main/base/4/3395'
copied '/var/lib/postgresql/15/main/base/4/2613' -> '/mnt/data/15/main/base/4/2613'
copied '/var/lib/postgresql/15/main/base/4/3601_vm' -> '/mnt/data/15/main/base/4/3601_vm'
copied '/var/lib/postgresql/15/main/base/4/2703' -> '/mnt/data/15/main/base/4/2703'
copied '/var/lib/postgresql/15/main/base/4/13444_fsm' -> '/mnt/data/15/main/base/4/13444_fsm'
copied '/var/lib/postgresql/15/main/base/4/3429' -> '/mnt/data/15/main/base/4/3429'
copied '/var/lib/postgresql/15/main/base/4/2679' -> '/mnt/data/15/main/base/4/2679'
copied '/var/lib/postgresql/15/main/base/4/13447' -> '/mnt/data/15/main/base/4/13447'
copied '/var/lib/postgresql/15/main/base/4/2691' -> '/mnt/data/15/main/base/4/2691'
copied '/var/lib/postgresql/15/main/base/4/2619_fsm' -> '/mnt/data/15/main/base/4/2619_fsm'
copied '/var/lib/postgresql/15/main/base/4/1255' -> '/mnt/data/15/main/base/4/1255'
copied '/var/lib/postgresql/15/main/base/4/2838_fsm' -> '/mnt/data/15/main/base/4/2838_fsm'
copied '/var/lib/postgresql/15/main/base/4/2663' -> '/mnt/data/15/main/base/4/2663'
copied '/var/lib/postgresql/15/main/base/4/6175' -> '/mnt/data/15/main/base/4/6175'
copied '/var/lib/postgresql/15/main/base/4/13439' -> '/mnt/data/15/main/base/4/13439'
copied '/var/lib/postgresql/15/main/base/4/2618_vm' -> '/mnt/data/15/main/base/4/2618_vm'
copied '/var/lib/postgresql/15/main/base/4/13444' -> '/mnt/data/15/main/base/4/13444'
copied '/var/lib/postgresql/15/main/base/4/2830' -> '/mnt/data/15/main/base/4/2830'
copied '/var/lib/postgresql/15/main/base/4/13458' -> '/mnt/data/15/main/base/4/13458'
copied '/var/lib/postgresql/15/main/base/4/3433' -> '/mnt/data/15/main/base/4/3433'
copied '/var/lib/postgresql/15/main/base/4/3766' -> '/mnt/data/15/main/base/4/3766'
copied '/var/lib/postgresql/15/main/base/4/6102' -> '/mnt/data/15/main/base/4/6102'
copied '/var/lib/postgresql/15/main/base/4/3598' -> '/mnt/data/15/main/base/4/3598'
copied '/var/lib/postgresql/15/main/base/4/4172' -> '/mnt/data/15/main/base/4/4172'
copied '/var/lib/postgresql/15/main/base/4/2619' -> '/mnt/data/15/main/base/4/2619'
copied '/var/lib/postgresql/15/main/base/4/3600_fsm' -> '/mnt/data/15/main/base/4/3600_fsm'
copied '/var/lib/postgresql/15/main/base/4/13453' -> '/mnt/data/15/main/base/4/13453'
copied '/var/lib/postgresql/15/main/base/4/2689' -> '/mnt/data/15/main/base/4/2689'
copied '/var/lib/postgresql/15/main/base/4/3609' -> '/mnt/data/15/main/base/4/3609'
copied '/var/lib/postgresql/15/main/base/4/5002' -> '/mnt/data/15/main/base/4/5002'
copied '/var/lib/postgresql/15/main/base/4/3119' -> '/mnt/data/15/main/base/4/3119'
copied '/var/lib/postgresql/15/main/base/4/2699' -> '/mnt/data/15/main/base/4/2699'
copied '/var/lib/postgresql/15/main/base/4/2612' -> '/mnt/data/15/main/base/4/2612'
copied '/var/lib/postgresql/15/main/base/4/3606' -> '/mnt/data/15/main/base/4/3606'
copied '/var/lib/postgresql/15/main/base/4/2611' -> '/mnt/data/15/main/base/4/2611'
copied '/var/lib/postgresql/15/main/base/4/2612_fsm' -> '/mnt/data/15/main/base/4/2612_fsm'
copied '/var/lib/postgresql/15/main/base/4/3601' -> '/mnt/data/15/main/base/4/3601'
copied '/var/lib/postgresql/15/main/base/4/2620' -> '/mnt/data/15/main/base/4/2620'
copied '/var/lib/postgresql/15/main/base/4/6176' -> '/mnt/data/15/main/base/4/6176'
copied '/var/lib/postgresql/15/main/base/4/174' -> '/mnt/data/15/main/base/4/174'
copied '/var/lib/postgresql/15/main/base/4/3085' -> '/mnt/data/15/main/base/4/3085'
copied '/var/lib/postgresql/15/main/base/4/2840_vm' -> '/mnt/data/15/main/base/4/2840_vm'
copied '/var/lib/postgresql/15/main/base/4/2617_vm' -> '/mnt/data/15/main/base/4/2617_vm'
copied '/var/lib/postgresql/15/main/base/4/PG_VERSION' -> '/mnt/data/15/main/base/4/PG_VERSION'
copied '/var/lib/postgresql/15/main/base/4/4149' -> '/mnt/data/15/main/base/4/4149'
copied '/var/lib/postgresql/15/main/base/4/2187' -> '/mnt/data/15/main/base/4/2187'
copied '/var/lib/postgresql/15/main/base/4/2675' -> '/mnt/data/15/main/base/4/2675'
copied '/var/lib/postgresql/15/main/base/4/2617' -> '/mnt/data/15/main/base/4/2617'
copied '/var/lib/postgresql/15/main/base/4/2701' -> '/mnt/data/15/main/base/4/2701'
copied '/var/lib/postgresql/15/main/base/4/13454_fsm' -> '/mnt/data/15/main/base/4/13454_fsm'
copied '/var/lib/postgresql/15/main/base/4/2838_vm' -> '/mnt/data/15/main/base/4/2838_vm'
copied '/var/lib/postgresql/15/main/base/4/2838' -> '/mnt/data/15/main/base/4/2838'
copied '/var/lib/postgresql/15/main/base/4/6104' -> '/mnt/data/15/main/base/4/6104'
copied '/var/lib/postgresql/15/main/base/4/1255_fsm' -> '/mnt/data/15/main/base/4/1255_fsm'
copied '/var/lib/postgresql/15/main/base/4/3350' -> '/mnt/data/15/main/base/4/3350'
copied '/var/lib/postgresql/15/main/base/4/4164' -> '/mnt/data/15/main/base/4/4164'
copied '/var/lib/postgresql/15/main/base/4/3503' -> '/mnt/data/15/main/base/4/3503'
copied '/var/lib/postgresql/15/main/base/4/2661' -> '/mnt/data/15/main/base/4/2661'
copied '/var/lib/postgresql/15/main/base/4/6116' -> '/mnt/data/15/main/base/4/6116'
copied '/var/lib/postgresql/15/main/base/4/4168' -> '/mnt/data/15/main/base/4/4168'
copied '/var/lib/postgresql/15/main/base/4/2753' -> '/mnt/data/15/main/base/4/2753'
copied '/var/lib/postgresql/15/main/base/4/2607' -> '/mnt/data/15/main/base/4/2607'
copied '/var/lib/postgresql/15/main/base/4/13449_fsm' -> '/mnt/data/15/main/base/4/13449_fsm'
copied '/var/lib/postgresql/15/main/base/4/pg_filenode.map' -> '/mnt/data/15/main/base/4/pg_filenode.map'
copied '/var/lib/postgresql/15/main/base/4/3431' -> '/mnt/data/15/main/base/4/3431'
copied '/var/lib/postgresql/15/main/base/4/2757' -> '/mnt/data/15/main/base/4/2757'
copied '/var/lib/postgresql/15/main/base/4/3164' -> '/mnt/data/15/main/base/4/3164'
copied '/var/lib/postgresql/15/main/base/4/2600' -> '/mnt/data/15/main/base/4/2600'
copied '/var/lib/postgresql/15/main/base/4/3439' -> '/mnt/data/15/main/base/4/3439'
copied '/var/lib/postgresql/15/main/base/4/2667' -> '/mnt/data/15/main/base/4/2667'
copied '/var/lib/postgresql/15/main/base/4/4151' -> '/mnt/data/15/main/base/4/4151'
copied '/var/lib/postgresql/15/main/base/4/2612_vm' -> '/mnt/data/15/main/base/4/2612_vm'
copied '/var/lib/postgresql/15/main/base/4/1249_fsm' -> '/mnt/data/15/main/base/4/1249_fsm'
copied '/var/lib/postgresql/15/main/base/4/4155' -> '/mnt/data/15/main/base/4/4155'
copied '/var/lib/postgresql/15/main/base/4/3764_vm' -> '/mnt/data/15/main/base/4/3764_vm'
copied '/var/lib/postgresql/15/main/base/4/2696' -> '/mnt/data/15/main/base/4/2696'
copied '/var/lib/postgresql/15/main/base/4/2686' -> '/mnt/data/15/main/base/4/2686'
copied '/var/lib/postgresql/15/main/base/4/2657' -> '/mnt/data/15/main/base/4/2657'
copied '/var/lib/postgresql/15/main/base/4/6106' -> '/mnt/data/15/main/base/4/6106'
copied '/var/lib/postgresql/15/main/base/4/2605' -> '/mnt/data/15/main/base/4/2605'
copied '/var/lib/postgresql/15/main/base/4/2603_fsm' -> '/mnt/data/15/main/base/4/2603_fsm'
copied '/var/lib/postgresql/15/main/base/4/3542' -> '/mnt/data/15/main/base/4/3542'
copied '/var/lib/postgresql/15/main/base/4/2687' -> '/mnt/data/15/main/base/4/2687'
copied '/var/lib/postgresql/15/main/base/4/2608_vm' -> '/mnt/data/15/main/base/4/2608_vm'
copied '/var/lib/postgresql/15/main/base/4/2840_fsm' -> '/mnt/data/15/main/base/4/2840_fsm'
copied '/var/lib/postgresql/15/main/base/4/2617_fsm' -> '/mnt/data/15/main/base/4/2617_fsm'
copied '/var/lib/postgresql/15/main/base/4/2602' -> '/mnt/data/15/main/base/4/2602'
copied '/var/lib/postgresql/15/main/base/4/2652' -> '/mnt/data/15/main/base/4/2652'
copied '/var/lib/postgresql/15/main/base/4/2615' -> '/mnt/data/15/main/base/4/2615'
copied '/var/lib/postgresql/15/main/base/4/2607_vm' -> '/mnt/data/15/main/base/4/2607_vm'
copied '/var/lib/postgresql/15/main/base/4/6110' -> '/mnt/data/15/main/base/4/6110'
copied '/var/lib/postgresql/15/main/base/4/2690' -> '/mnt/data/15/main/base/4/2690'
copied '/var/lib/postgresql/15/main/base/4/3603_vm' -> '/mnt/data/15/main/base/4/3603_vm'
copied '/var/lib/postgresql/15/main/base/4/2704' -> '/mnt/data/15/main/base/4/2704'
copied '/var/lib/postgresql/15/main/base/4/2678' -> '/mnt/data/15/main/base/4/2678'
copied '/var/lib/postgresql/15/main/base/4/2995' -> '/mnt/data/15/main/base/4/2995'
copied '/var/lib/postgresql/15/main/base/4/2601_vm' -> '/mnt/data/15/main/base/4/2601_vm'
copied '/var/lib/postgresql/15/main/base/4/2670' -> '/mnt/data/15/main/base/4/2670'
copied '/var/lib/postgresql/15/main/base/4/4144' -> '/mnt/data/15/main/base/4/4144'
copied '/var/lib/postgresql/15/main/base/4/1255_vm' -> '/mnt/data/15/main/base/4/1255_vm'
copied '/var/lib/postgresql/15/main/base/4/2228' -> '/mnt/data/15/main/base/4/2228'
copied '/var/lib/postgresql/15/main/base/4/3394' -> '/mnt/data/15/main/base/4/3394'
copied '/var/lib/postgresql/15/main/base/4/3468' -> '/mnt/data/15/main/base/4/3468'
copied '/var/lib/postgresql/15/main/base/4/3767' -> '/mnt/data/15/main/base/4/3767'
copied '/var/lib/postgresql/15/main/base/4/6229' -> '/mnt/data/15/main/base/4/6229'
copied '/var/lib/postgresql/15/main/base/4/4163' -> '/mnt/data/15/main/base/4/4163'
copied '/var/lib/postgresql/15/main/base/4/3079' -> '/mnt/data/15/main/base/4/3079'
copied '/var/lib/postgresql/15/main/base/4/13439_vm' -> '/mnt/data/15/main/base/4/13439_vm'
copied '/var/lib/postgresql/15/main/base/4/2840' -> '/mnt/data/15/main/base/4/2840'
copied '/var/lib/postgresql/15/main/base/4/3602_vm' -> '/mnt/data/15/main/base/4/3602_vm'
copied '/var/lib/postgresql/15/main/base/4/2603' -> '/mnt/data/15/main/base/4/2603'
copied '/var/lib/postgresql/15/main/base/4/3604' -> '/mnt/data/15/main/base/4/3604'
copied '/var/lib/postgresql/15/main/base/4/2602_fsm' -> '/mnt/data/15/main/base/4/2602_fsm'
copied '/var/lib/postgresql/15/main/base/4/3596' -> '/mnt/data/15/main/base/4/3596'
copied '/var/lib/postgresql/15/main/base/4/2833' -> '/mnt/data/15/main/base/4/2833'
copied '/var/lib/postgresql/15/main/base/4/549' -> '/mnt/data/15/main/base/4/549'
copied '/var/lib/postgresql/15/main/base/4/2835' -> '/mnt/data/15/main/base/4/2835'
copied '/var/lib/postgresql/15/main/base/4/3118' -> '/mnt/data/15/main/base/4/3118'
copied '/var/lib/postgresql/15/main/base/4/2609_vm' -> '/mnt/data/15/main/base/4/2609_vm'
copied '/var/lib/postgresql/15/main/base/4/2665' -> '/mnt/data/15/main/base/4/2665'
copied '/var/lib/postgresql/15/main/base/4/3467' -> '/mnt/data/15/main/base/4/3467'
copied '/var/lib/postgresql/15/main/base/4/3599' -> '/mnt/data/15/main/base/4/3599'
copied '/var/lib/postgresql/15/main/base/4/1247' -> '/mnt/data/15/main/base/4/1247'
copied '/var/lib/postgresql/15/main/base/4/3600_vm' -> '/mnt/data/15/main/base/4/3600_vm'
copied '/var/lib/postgresql/15/main/base/4/3597' -> '/mnt/data/15/main/base/4/3597'
copied '/var/lib/postgresql/15/main/base/4/2601' -> '/mnt/data/15/main/base/4/2601'
copied '/var/lib/postgresql/15/main/base/4/2688' -> '/mnt/data/15/main/base/4/2688'
copied '/var/lib/postgresql/15/main/base/4/1259_vm' -> '/mnt/data/15/main/base/4/1259_vm'
copied '/var/lib/postgresql/15/main/base/4/6238' -> '/mnt/data/15/main/base/4/6238'
copied '/var/lib/postgresql/15/main/base/4/2616_fsm' -> '/mnt/data/15/main/base/4/2616_fsm'
copied '/var/lib/postgresql/15/main/base/4/2604' -> '/mnt/data/15/main/base/4/2604'
copied '/var/lib/postgresql/15/main/base/4/2605_vm' -> '/mnt/data/15/main/base/4/2605_vm'
copied '/var/lib/postgresql/15/main/base/4/6239' -> '/mnt/data/15/main/base/4/6239'
copied '/var/lib/postgresql/15/main/base/4/4148' -> '/mnt/data/15/main/base/4/4148'
copied '/var/lib/postgresql/15/main/base/4/2684' -> '/mnt/data/15/main/base/4/2684'
copied '/var/lib/postgresql/15/main/base/4/3381' -> '/mnt/data/15/main/base/4/3381'
copied '/var/lib/postgresql/15/main/base/4/3258' -> '/mnt/data/15/main/base/4/3258'
copied '/var/lib/postgresql/15/main/base/4/3764_fsm' -> '/mnt/data/15/main/base/4/3764_fsm'
copied '/var/lib/postgresql/15/main/base/4/3607' -> '/mnt/data/15/main/base/4/3607'
copied '/var/lib/postgresql/15/main/base/4/828' -> '/mnt/data/15/main/base/4/828'
copied '/var/lib/postgresql/15/main/base/4/4173' -> '/mnt/data/15/main/base/4/4173'
copied '/var/lib/postgresql/15/main/base/4/13439_fsm' -> '/mnt/data/15/main/base/4/13439_fsm'
copied '/var/lib/postgresql/15/main/base/4/2615_vm' -> '/mnt/data/15/main/base/4/2615_vm'
copied '/var/lib/postgresql/15/main/base/4/2753_fsm' -> '/mnt/data/15/main/base/4/2753_fsm'
copied '/var/lib/postgresql/15/main/base/4/13444_vm' -> '/mnt/data/15/main/base/4/13444_vm'
copied '/var/lib/postgresql/15/main/base/4/2753_vm' -> '/mnt/data/15/main/base/4/2753_vm'
copied '/var/lib/postgresql/15/main/base/4/1249' -> '/mnt/data/15/main/base/4/1249'
copied '/var/lib/postgresql/15/main/base/4/4159' -> '/mnt/data/15/main/base/4/4159'
copied '/var/lib/postgresql/15/main/base/4/3455' -> '/mnt/data/15/main/base/4/3455'
copied '/var/lib/postgresql/15/main/base/4/4145' -> '/mnt/data/15/main/base/4/4145'
copied '/var/lib/postgresql/15/main/base/4/2608_fsm' -> '/mnt/data/15/main/base/4/2608_fsm'
copied '/var/lib/postgresql/15/main/base/4/3379' -> '/mnt/data/15/main/base/4/3379'
copied '/var/lib/postgresql/15/main/base/4/2834' -> '/mnt/data/15/main/base/4/2834'
copied '/var/lib/postgresql/15/main/base/4/13448' -> '/mnt/data/15/main/base/4/13448'
copied '/var/lib/postgresql/15/main/base/4/3456_vm' -> '/mnt/data/15/main/base/4/3456_vm'
copied '/var/lib/postgresql/15/main/base/4/2658' -> '/mnt/data/15/main/base/4/2658'
copied '/var/lib/postgresql/15/main/base/4/3079_fsm' -> '/mnt/data/15/main/base/4/3079_fsm'
copied '/var/lib/postgresql/15/main/base/4/3380' -> '/mnt/data/15/main/base/4/3380'
copied '/var/lib/postgresql/15/main/base/4/2681' -> '/mnt/data/15/main/base/4/2681'
copied '/var/lib/postgresql/15/main/base/4/4152' -> '/mnt/data/15/main/base/4/4152'
copied '/var/lib/postgresql/15/main/base/4/548' -> '/mnt/data/15/main/base/4/548'
copied '/var/lib/postgresql/15/main/base/4/3456' -> '/mnt/data/15/main/base/4/3456'
copied '/var/lib/postgresql/15/main/base/4/2674' -> '/mnt/data/15/main/base/4/2674'
copied '/var/lib/postgresql/15/main/base/4/4160' -> '/mnt/data/15/main/base/4/4160'
copied '/var/lib/postgresql/15/main/base/4/3602' -> '/mnt/data/15/main/base/4/3602'
copied '/var/lib/postgresql/15/main/base/4/3081' -> '/mnt/data/15/main/base/4/3081'
copied '/var/lib/postgresql/15/main/base/4/2606' -> '/mnt/data/15/main/base/4/2606'
copied '/var/lib/postgresql/15/main/base/4/3575' -> '/mnt/data/15/main/base/4/3575'
copied '/var/lib/postgresql/15/main/base/4/3501' -> '/mnt/data/15/main/base/4/3501'
copied '/var/lib/postgresql/15/main/base/4/2610' -> '/mnt/data/15/main/base/4/2610'
copied '/var/lib/postgresql/15/main/base/4/2618' -> '/mnt/data/15/main/base/4/2618'
copied '/var/lib/postgresql/15/main/base/4/3608' -> '/mnt/data/15/main/base/4/3608'
copied '/var/lib/postgresql/15/main/base/4/3466' -> '/mnt/data/15/main/base/4/3466'
copied '/var/lib/postgresql/15/main/base/4/2608' -> '/mnt/data/15/main/base/4/2608'
copied '/var/lib/postgresql/15/main/base/4/3603' -> '/mnt/data/15/main/base/4/3603'
copied '/var/lib/postgresql/15/main/base/4/3394_vm' -> '/mnt/data/15/main/base/4/3394_vm'
copied '/var/lib/postgresql/15/main/base/4/2328' -> '/mnt/data/15/main/base/4/2328'
copied '/var/lib/postgresql/15/main/base/4/2615_fsm' -> '/mnt/data/15/main/base/4/2615_fsm'
copied '/var/lib/postgresql/15/main/base/4/2653' -> '/mnt/data/15/main/base/4/2653'
copied '/var/lib/postgresql/15/main/base/4/1418' -> '/mnt/data/15/main/base/4/1418'
copied '/var/lib/postgresql/15/main/base/4/2996' -> '/mnt/data/15/main/base/4/2996'
copied '/var/lib/postgresql/15/main/base/4/6113' -> '/mnt/data/15/main/base/4/6113'
copied '/var/lib/postgresql/15/main/base/4/1417' -> '/mnt/data/15/main/base/4/1417'
copied '/var/lib/postgresql/15/main/base/4/2837' -> '/mnt/data/15/main/base/4/2837'
copied '/var/lib/postgresql/15/main/base/4/3440' -> '/mnt/data/15/main/base/4/3440'
copied '/var/lib/postgresql/15/main/base/4/2607_fsm' -> '/mnt/data/15/main/base/4/2607_fsm'
copied '/var/lib/postgresql/15/main/base/4/4158' -> '/mnt/data/15/main/base/4/4158'
copied '/var/lib/postgresql/15/main/base/4/112' -> '/mnt/data/15/main/base/4/112'
copied '/var/lib/postgresql/15/main/base/4/175' -> '/mnt/data/15/main/base/4/175'
copied '/var/lib/postgresql/15/main/base/4/2609' -> '/mnt/data/15/main/base/4/2609'
copied '/var/lib/postgresql/15/main/base/4/2610_fsm' -> '/mnt/data/15/main/base/4/2610_fsm'
copied '/var/lib/postgresql/15/main/base/4/2836' -> '/mnt/data/15/main/base/4/2836'
copied '/var/lib/postgresql/15/main/base/4/2682' -> '/mnt/data/15/main/base/4/2682'
copied '/var/lib/postgresql/15/main/base/4/3456_fsm' -> '/mnt/data/15/main/base/4/3456_fsm'
copied '/var/lib/postgresql/15/main/base/4/13449' -> '/mnt/data/15/main/base/4/13449'
copied '/var/lib/postgresql/15/main/base/4/6117' -> '/mnt/data/15/main/base/4/6117'
copied '/var/lib/postgresql/15/main/base/4/2666' -> '/mnt/data/15/main/base/4/2666'
copied '/var/lib/postgresql/15/main/base/4/2616' -> '/mnt/data/15/main/base/4/2616'
copied '/var/lib/postgresql/15/main/base/4/2662' -> '/mnt/data/15/main/base/4/2662'
copied '/var/lib/postgresql/15/main/base/4/4146' -> '/mnt/data/15/main/base/4/4146'
copied '/var/lib/postgresql/15/main/base/4/3997' -> '/mnt/data/15/main/base/4/3997'
copied '/var/lib/postgresql/15/main/base/4/2609_fsm' -> '/mnt/data/15/main/base/4/2609_fsm'
copied '/var/lib/postgresql/15/main/base/4/3257' -> '/mnt/data/15/main/base/4/3257'
copied '/var/lib/postgresql/15/main/base/4/6111' -> '/mnt/data/15/main/base/4/6111'
copied '/var/lib/postgresql/15/main/base/4/2673' -> '/mnt/data/15/main/base/4/2673'
copied '/var/lib/postgresql/15/main/base/4/13452' -> '/mnt/data/15/main/base/4/13452'
copied '/var/lib/postgresql/15/main/base/4/2605_fsm' -> '/mnt/data/15/main/base/4/2605_fsm'
copied '/var/lib/postgresql/15/main/base/4/113' -> '/mnt/data/15/main/base/4/113'
copied '/var/lib/postgresql/15/main/base/4/13454_vm' -> '/mnt/data/15/main/base/4/13454_vm'
copied '/var/lib/postgresql/15/main/base/4/6228' -> '/mnt/data/15/main/base/4/6228'
copied '/var/lib/postgresql/15/main/base/4/2841' -> '/mnt/data/15/main/base/4/2841'
copied '/var/lib/postgresql/15/main/base/4/2756' -> '/mnt/data/15/main/base/4/2756'
copied '/var/lib/postgresql/15/main/base/4/1259_fsm' -> '/mnt/data/15/main/base/4/1259_fsm'
copied '/var/lib/postgresql/15/main/base/4/1247_vm' -> '/mnt/data/15/main/base/4/1247_vm'
copied '/var/lib/postgresql/15/main/base/4/2832' -> '/mnt/data/15/main/base/4/2832'
copied '/var/lib/postgresql/15/main/base/4/2669' -> '/mnt/data/15/main/base/4/2669'
copied '/var/lib/postgresql/15/main/base/4/3394_fsm' -> '/mnt/data/15/main/base/4/3394_fsm'
copied '/var/lib/postgresql/15/main/base/4/2831' -> '/mnt/data/15/main/base/4/2831'
copied '/var/lib/postgresql/15/main/base/4/13454' -> '/mnt/data/15/main/base/4/13454'
copied '/var/lib/postgresql/15/main/base/4/4156' -> '/mnt/data/15/main/base/4/4156'
copied '/var/lib/postgresql/15/main/base/4/13457' -> '/mnt/data/15/main/base/4/13457'
copied '/var/lib/postgresql/15/main/base/4/3576' -> '/mnt/data/15/main/base/4/3576'
copied '/var/lib/postgresql/15/main/base/4/3430' -> '/mnt/data/15/main/base/4/3430'
copied '/var/lib/postgresql/15/main/base/4/2606_vm' -> '/mnt/data/15/main/base/4/2606_vm'
copied '/var/lib/postgresql/15/main/base/4/2600_fsm' -> '/mnt/data/15/main/base/4/2600_fsm'
copied '/var/lib/postgresql/15/main/base/4/2685' -> '/mnt/data/15/main/base/4/2685'
copied '/var/lib/postgresql/15/main/base/4/2836_fsm' -> '/mnt/data/15/main/base/4/2836_fsm'
copied '/var/lib/postgresql/15/main/base/4/2664' -> '/mnt/data/15/main/base/4/2664'
copied '/var/lib/postgresql/15/main/base/4/4154' -> '/mnt/data/15/main/base/4/4154'
copied '/var/lib/postgresql/15/main/base/4/2616_vm' -> '/mnt/data/15/main/base/4/2616_vm'
copied '/var/lib/postgresql/15/main/base/4/4147' -> '/mnt/data/15/main/base/4/4147'
copied '/var/lib/postgresql/15/main/base/4/4169' -> '/mnt/data/15/main/base/4/4169'
copied '/var/lib/postgresql/15/main/base/4/3534' -> '/mnt/data/15/main/base/4/3534'
copied '/var/lib/postgresql/15/main/base/4/2680' -> '/mnt/data/15/main/base/4/2680'
copied '/var/lib/postgresql/15/main/base/4/2579' -> '/mnt/data/15/main/base/4/2579'
copied '/var/lib/postgresql/15/main/base/4/2660' -> '/mnt/data/15/main/base/4/2660'
copied '/var/lib/postgresql/15/main/base/4/3603_fsm' -> '/mnt/data/15/main/base/4/3603_fsm'
copied '/var/lib/postgresql/15/main/base/4/2693' -> '/mnt/data/15/main/base/4/2693'
copied '/var/lib/postgresql/15/main/base/4/4171' -> '/mnt/data/15/main/base/4/4171'
copied '/var/lib/postgresql/15/main/base/4/4157' -> '/mnt/data/15/main/base/4/4157'
copied '/var/lib/postgresql/15/main/base/4/2656' -> '/mnt/data/15/main/base/4/2656'
copied '/var/lib/postgresql/15/main/base/4/2702' -> '/mnt/data/15/main/base/4/2702'
copied '/var/lib/postgresql/15/main/base/4/4167' -> '/mnt/data/15/main/base/4/4167'
copied '/var/lib/postgresql/15/main/base/4/2668' -> '/mnt/data/15/main/base/4/2668'
copied '/var/lib/postgresql/15/main/base/4/2601_fsm' -> '/mnt/data/15/main/base/4/2601_fsm'
copied '/var/lib/postgresql/15/main/base/4/3080' -> '/mnt/data/15/main/base/4/3080'
copied '/var/lib/postgresql/15/main/base/4/2619_vm' -> '/mnt/data/15/main/base/4/2619_vm'
copied '/var/lib/postgresql/15/main/base/4/4153' -> '/mnt/data/15/main/base/4/4153'
copied '/var/lib/postgresql/15/main/base/4/3605' -> '/mnt/data/15/main/base/4/3605'
copied '/var/lib/postgresql/15/main/base/4/4174' -> '/mnt/data/15/main/base/4/4174'
copied '/var/lib/postgresql/15/main/base/4/3600' -> '/mnt/data/15/main/base/4/3600'
copied '/var/lib/postgresql/15/main/base/4/2650' -> '/mnt/data/15/main/base/4/2650'
copied '/var/lib/postgresql/15/main/base/4/2836_vm' -> '/mnt/data/15/main/base/4/2836_vm'
copied '/var/lib/postgresql/15/main/base/4/6237' -> '/mnt/data/15/main/base/4/6237'
copied '/var/lib/postgresql/15/main/base/4/2655' -> '/mnt/data/15/main/base/4/2655'
copied '/var/lib/postgresql/15/main/base/4/826' -> '/mnt/data/15/main/base/4/826'
copied '/var/lib/postgresql/15/main/base/4/2336' -> '/mnt/data/15/main/base/4/2336'
copied '/var/lib/postgresql/15/main/base/4/2600_vm' -> '/mnt/data/15/main/base/4/2600_vm'
copied '/var/lib/postgresql/15/main/base/4/3712' -> '/mnt/data/15/main/base/4/3712'
copied '/var/lib/postgresql/15/main/base/4/3601_fsm' -> '/mnt/data/15/main/base/4/3601_fsm'
copied '/var/lib/postgresql/15/main/base/4/3541_vm' -> '/mnt/data/15/main/base/4/3541_vm'
copied '/var/lib/postgresql/15/main/base/4/2603_vm' -> '/mnt/data/15/main/base/4/2603_vm'
copied '/var/lib/postgresql/15/main/base/4/2618_fsm' -> '/mnt/data/15/main/base/4/2618_fsm'
copied '/var/lib/postgresql/15/main/base/4/2610_vm' -> '/mnt/data/15/main/base/4/2610_vm'
copied '/var/lib/postgresql/15/main/base/4/13449_vm' -> '/mnt/data/15/main/base/4/13449_vm'
copied '/var/lib/postgresql/15/main/base/4/2659' -> '/mnt/data/15/main/base/4/2659'
copied '/var/lib/postgresql/15/main/base/4/3541_fsm' -> '/mnt/data/15/main/base/4/3541_fsm'
copied '/var/lib/postgresql/15/main/base/4/2755' -> '/mnt/data/15/main/base/4/2755'
copied '/var/lib/postgresql/15/main/base/4/3256' -> '/mnt/data/15/main/base/4/3256'
copied '/var/lib/postgresql/15/main/base/4/4150' -> '/mnt/data/15/main/base/4/4150'
copied '/var/lib/postgresql/15/main/base/4/6112' -> '/mnt/data/15/main/base/4/6112'
copied '/var/lib/postgresql/15/main/base/4/2839' -> '/mnt/data/15/main/base/4/2839'
copied '/var/lib/postgresql/15/main/base/4/2651' -> '/mnt/data/15/main/base/4/2651'
copied '/var/lib/postgresql/15/main/base/4/2337' -> '/mnt/data/15/main/base/4/2337'
copied '/var/lib/postgresql/15/main/base/4/13442' -> '/mnt/data/15/main/base/4/13442'
copied '/var/lib/postgresql/15/main/base/4/2683' -> '/mnt/data/15/main/base/4/2683'
created directory '/mnt/data/15/main/base/5'
copied '/var/lib/postgresql/15/main/base/5/pg_internal.init' -> '/mnt/data/15/main/base/5/pg_internal.init'
copied '/var/lib/postgresql/15/main/base/5/2754' -> '/mnt/data/15/main/base/5/2754'
copied '/var/lib/postgresql/15/main/base/5/1249_vm' -> '/mnt/data/15/main/base/5/1249_vm'
copied '/var/lib/postgresql/15/main/base/5/4143' -> '/mnt/data/15/main/base/5/4143'
copied '/var/lib/postgresql/15/main/base/5/827' -> '/mnt/data/15/main/base/5/827'
copied '/var/lib/postgresql/15/main/base/5/3351' -> '/mnt/data/15/main/base/5/3351'
copied '/var/lib/postgresql/15/main/base/5/3764' -> '/mnt/data/15/main/base/5/3764'
copied '/var/lib/postgresql/15/main/base/5/4166' -> '/mnt/data/15/main/base/5/4166'
copied '/var/lib/postgresql/15/main/base/5/13443' -> '/mnt/data/15/main/base/5/13443'
copied '/var/lib/postgresql/15/main/base/5/1259' -> '/mnt/data/15/main/base/5/1259'
copied '/var/lib/postgresql/15/main/base/5/2654' -> '/mnt/data/15/main/base/5/2654'
copied '/var/lib/postgresql/15/main/base/5/3602_fsm' -> '/mnt/data/15/main/base/5/3602_fsm'
copied '/var/lib/postgresql/15/main/base/5/2692' -> '/mnt/data/15/main/base/5/2692'
copied '/var/lib/postgresql/15/main/base/5/3079_vm' -> '/mnt/data/15/main/base/5/3079_vm'
copied '/var/lib/postgresql/15/main/base/5/4165' -> '/mnt/data/15/main/base/5/4165'
copied '/var/lib/postgresql/15/main/base/5/1247_fsm' -> '/mnt/data/15/main/base/5/1247_fsm'
copied '/var/lib/postgresql/15/main/base/5/3541' -> '/mnt/data/15/main/base/5/3541'
copied '/var/lib/postgresql/15/main/base/5/2224' -> '/mnt/data/15/main/base/5/2224'
copied '/var/lib/postgresql/15/main/base/5/3502' -> '/mnt/data/15/main/base/5/3502'
copied '/var/lib/postgresql/15/main/base/5/4170' -> '/mnt/data/15/main/base/5/4170'
copied '/var/lib/postgresql/15/main/base/5/2602_vm' -> '/mnt/data/15/main/base/5/2602_vm'
copied '/var/lib/postgresql/15/main/base/5/3574' -> '/mnt/data/15/main/base/5/3574'
copied '/var/lib/postgresql/15/main/base/5/2606_fsm' -> '/mnt/data/15/main/base/5/2606_fsm'
copied '/var/lib/postgresql/15/main/base/5/3395' -> '/mnt/data/15/main/base/5/3395'
copied '/var/lib/postgresql/15/main/base/5/2613' -> '/mnt/data/15/main/base/5/2613'
copied '/var/lib/postgresql/15/main/base/5/3601_vm' -> '/mnt/data/15/main/base/5/3601_vm'
copied '/var/lib/postgresql/15/main/base/5/2703' -> '/mnt/data/15/main/base/5/2703'
copied '/var/lib/postgresql/15/main/base/5/13444_fsm' -> '/mnt/data/15/main/base/5/13444_fsm'
copied '/var/lib/postgresql/15/main/base/5/3429' -> '/mnt/data/15/main/base/5/3429'
copied '/var/lib/postgresql/15/main/base/5/2679' -> '/mnt/data/15/main/base/5/2679'
copied '/var/lib/postgresql/15/main/base/5/13447' -> '/mnt/data/15/main/base/5/13447'
copied '/var/lib/postgresql/15/main/base/5/2691' -> '/mnt/data/15/main/base/5/2691'
copied '/var/lib/postgresql/15/main/base/5/2619_fsm' -> '/mnt/data/15/main/base/5/2619_fsm'
copied '/var/lib/postgresql/15/main/base/5/1255' -> '/mnt/data/15/main/base/5/1255'
copied '/var/lib/postgresql/15/main/base/5/2838_fsm' -> '/mnt/data/15/main/base/5/2838_fsm'
copied '/var/lib/postgresql/15/main/base/5/2663' -> '/mnt/data/15/main/base/5/2663'
copied '/var/lib/postgresql/15/main/base/5/6175' -> '/mnt/data/15/main/base/5/6175'
copied '/var/lib/postgresql/15/main/base/5/13439' -> '/mnt/data/15/main/base/5/13439'
copied '/var/lib/postgresql/15/main/base/5/2618_vm' -> '/mnt/data/15/main/base/5/2618_vm'
copied '/var/lib/postgresql/15/main/base/5/13444' -> '/mnt/data/15/main/base/5/13444'
copied '/var/lib/postgresql/15/main/base/5/2830' -> '/mnt/data/15/main/base/5/2830'
copied '/var/lib/postgresql/15/main/base/5/13458' -> '/mnt/data/15/main/base/5/13458'
copied '/var/lib/postgresql/15/main/base/5/3433' -> '/mnt/data/15/main/base/5/3433'
copied '/var/lib/postgresql/15/main/base/5/3766' -> '/mnt/data/15/main/base/5/3766'
copied '/var/lib/postgresql/15/main/base/5/6102' -> '/mnt/data/15/main/base/5/6102'
copied '/var/lib/postgresql/15/main/base/5/3598' -> '/mnt/data/15/main/base/5/3598'
copied '/var/lib/postgresql/15/main/base/5/4172' -> '/mnt/data/15/main/base/5/4172'
copied '/var/lib/postgresql/15/main/base/5/2619' -> '/mnt/data/15/main/base/5/2619'
copied '/var/lib/postgresql/15/main/base/5/3600_fsm' -> '/mnt/data/15/main/base/5/3600_fsm'
copied '/var/lib/postgresql/15/main/base/5/13453' -> '/mnt/data/15/main/base/5/13453'
copied '/var/lib/postgresql/15/main/base/5/2689' -> '/mnt/data/15/main/base/5/2689'
copied '/var/lib/postgresql/15/main/base/5/3609' -> '/mnt/data/15/main/base/5/3609'
copied '/var/lib/postgresql/15/main/base/5/5002' -> '/mnt/data/15/main/base/5/5002'
copied '/var/lib/postgresql/15/main/base/5/3119' -> '/mnt/data/15/main/base/5/3119'
copied '/var/lib/postgresql/15/main/base/5/2699' -> '/mnt/data/15/main/base/5/2699'
copied '/var/lib/postgresql/15/main/base/5/2612' -> '/mnt/data/15/main/base/5/2612'
copied '/var/lib/postgresql/15/main/base/5/3606' -> '/mnt/data/15/main/base/5/3606'
copied '/var/lib/postgresql/15/main/base/5/2611' -> '/mnt/data/15/main/base/5/2611'
copied '/var/lib/postgresql/15/main/base/5/2612_fsm' -> '/mnt/data/15/main/base/5/2612_fsm'
copied '/var/lib/postgresql/15/main/base/5/3601' -> '/mnt/data/15/main/base/5/3601'
copied '/var/lib/postgresql/15/main/base/5/2620' -> '/mnt/data/15/main/base/5/2620'
copied '/var/lib/postgresql/15/main/base/5/6176' -> '/mnt/data/15/main/base/5/6176'
copied '/var/lib/postgresql/15/main/base/5/174' -> '/mnt/data/15/main/base/5/174'
copied '/var/lib/postgresql/15/main/base/5/3085' -> '/mnt/data/15/main/base/5/3085'
copied '/var/lib/postgresql/15/main/base/5/2840_vm' -> '/mnt/data/15/main/base/5/2840_vm'
copied '/var/lib/postgresql/15/main/base/5/2617_vm' -> '/mnt/data/15/main/base/5/2617_vm'
copied '/var/lib/postgresql/15/main/base/5/PG_VERSION' -> '/mnt/data/15/main/base/5/PG_VERSION'
copied '/var/lib/postgresql/15/main/base/5/4149' -> '/mnt/data/15/main/base/5/4149'
copied '/var/lib/postgresql/15/main/base/5/2187' -> '/mnt/data/15/main/base/5/2187'
copied '/var/lib/postgresql/15/main/base/5/2675' -> '/mnt/data/15/main/base/5/2675'
copied '/var/lib/postgresql/15/main/base/5/2617' -> '/mnt/data/15/main/base/5/2617'
copied '/var/lib/postgresql/15/main/base/5/2701' -> '/mnt/data/15/main/base/5/2701'
copied '/var/lib/postgresql/15/main/base/5/13454_fsm' -> '/mnt/data/15/main/base/5/13454_fsm'
copied '/var/lib/postgresql/15/main/base/5/2838_vm' -> '/mnt/data/15/main/base/5/2838_vm'
copied '/var/lib/postgresql/15/main/base/5/2838' -> '/mnt/data/15/main/base/5/2838'
copied '/var/lib/postgresql/15/main/base/5/6104' -> '/mnt/data/15/main/base/5/6104'
copied '/var/lib/postgresql/15/main/base/5/1255_fsm' -> '/mnt/data/15/main/base/5/1255_fsm'
copied '/var/lib/postgresql/15/main/base/5/3350' -> '/mnt/data/15/main/base/5/3350'
copied '/var/lib/postgresql/15/main/base/5/4164' -> '/mnt/data/15/main/base/5/4164'
copied '/var/lib/postgresql/15/main/base/5/3503' -> '/mnt/data/15/main/base/5/3503'
copied '/var/lib/postgresql/15/main/base/5/2661' -> '/mnt/data/15/main/base/5/2661'
copied '/var/lib/postgresql/15/main/base/5/6116' -> '/mnt/data/15/main/base/5/6116'
copied '/var/lib/postgresql/15/main/base/5/4168' -> '/mnt/data/15/main/base/5/4168'
copied '/var/lib/postgresql/15/main/base/5/2753' -> '/mnt/data/15/main/base/5/2753'
copied '/var/lib/postgresql/15/main/base/5/2607' -> '/mnt/data/15/main/base/5/2607'
copied '/var/lib/postgresql/15/main/base/5/13449_fsm' -> '/mnt/data/15/main/base/5/13449_fsm'
copied '/var/lib/postgresql/15/main/base/5/pg_filenode.map' -> '/mnt/data/15/main/base/5/pg_filenode.map'
copied '/var/lib/postgresql/15/main/base/5/3431' -> '/mnt/data/15/main/base/5/3431'
copied '/var/lib/postgresql/15/main/base/5/2757' -> '/mnt/data/15/main/base/5/2757'
copied '/var/lib/postgresql/15/main/base/5/3164' -> '/mnt/data/15/main/base/5/3164'
copied '/var/lib/postgresql/15/main/base/5/2600' -> '/mnt/data/15/main/base/5/2600'
copied '/var/lib/postgresql/15/main/base/5/3439' -> '/mnt/data/15/main/base/5/3439'
copied '/var/lib/postgresql/15/main/base/5/2667' -> '/mnt/data/15/main/base/5/2667'
copied '/var/lib/postgresql/15/main/base/5/4151' -> '/mnt/data/15/main/base/5/4151'
copied '/var/lib/postgresql/15/main/base/5/2612_vm' -> '/mnt/data/15/main/base/5/2612_vm'
copied '/var/lib/postgresql/15/main/base/5/1249_fsm' -> '/mnt/data/15/main/base/5/1249_fsm'
copied '/var/lib/postgresql/15/main/base/5/4155' -> '/mnt/data/15/main/base/5/4155'
copied '/var/lib/postgresql/15/main/base/5/3764_vm' -> '/mnt/data/15/main/base/5/3764_vm'
copied '/var/lib/postgresql/15/main/base/5/2696' -> '/mnt/data/15/main/base/5/2696'
copied '/var/lib/postgresql/15/main/base/5/2686' -> '/mnt/data/15/main/base/5/2686'
copied '/var/lib/postgresql/15/main/base/5/2657' -> '/mnt/data/15/main/base/5/2657'
copied '/var/lib/postgresql/15/main/base/5/6106' -> '/mnt/data/15/main/base/5/6106'
copied '/var/lib/postgresql/15/main/base/5/2605' -> '/mnt/data/15/main/base/5/2605'
copied '/var/lib/postgresql/15/main/base/5/2603_fsm' -> '/mnt/data/15/main/base/5/2603_fsm'
copied '/var/lib/postgresql/15/main/base/5/3542' -> '/mnt/data/15/main/base/5/3542'
copied '/var/lib/postgresql/15/main/base/5/2687' -> '/mnt/data/15/main/base/5/2687'
copied '/var/lib/postgresql/15/main/base/5/2608_vm' -> '/mnt/data/15/main/base/5/2608_vm'
copied '/var/lib/postgresql/15/main/base/5/2840_fsm' -> '/mnt/data/15/main/base/5/2840_fsm'
copied '/var/lib/postgresql/15/main/base/5/2617_fsm' -> '/mnt/data/15/main/base/5/2617_fsm'
copied '/var/lib/postgresql/15/main/base/5/2602' -> '/mnt/data/15/main/base/5/2602'
copied '/var/lib/postgresql/15/main/base/5/2652' -> '/mnt/data/15/main/base/5/2652'
copied '/var/lib/postgresql/15/main/base/5/2615' -> '/mnt/data/15/main/base/5/2615'
copied '/var/lib/postgresql/15/main/base/5/2607_vm' -> '/mnt/data/15/main/base/5/2607_vm'
copied '/var/lib/postgresql/15/main/base/5/6110' -> '/mnt/data/15/main/base/5/6110'
copied '/var/lib/postgresql/15/main/base/5/2690' -> '/mnt/data/15/main/base/5/2690'
copied '/var/lib/postgresql/15/main/base/5/3603_vm' -> '/mnt/data/15/main/base/5/3603_vm'
copied '/var/lib/postgresql/15/main/base/5/2704' -> '/mnt/data/15/main/base/5/2704'
copied '/var/lib/postgresql/15/main/base/5/2678' -> '/mnt/data/15/main/base/5/2678'
copied '/var/lib/postgresql/15/main/base/5/2995' -> '/mnt/data/15/main/base/5/2995'
copied '/var/lib/postgresql/15/main/base/5/2601_vm' -> '/mnt/data/15/main/base/5/2601_vm'
copied '/var/lib/postgresql/15/main/base/5/2670' -> '/mnt/data/15/main/base/5/2670'
copied '/var/lib/postgresql/15/main/base/5/4144' -> '/mnt/data/15/main/base/5/4144'
copied '/var/lib/postgresql/15/main/base/5/1255_vm' -> '/mnt/data/15/main/base/5/1255_vm'
copied '/var/lib/postgresql/15/main/base/5/2228' -> '/mnt/data/15/main/base/5/2228'
copied '/var/lib/postgresql/15/main/base/5/3394' -> '/mnt/data/15/main/base/5/3394'
copied '/var/lib/postgresql/15/main/base/5/3468' -> '/mnt/data/15/main/base/5/3468'
copied '/var/lib/postgresql/15/main/base/5/3767' -> '/mnt/data/15/main/base/5/3767'
copied '/var/lib/postgresql/15/main/base/5/6229' -> '/mnt/data/15/main/base/5/6229'
copied '/var/lib/postgresql/15/main/base/5/4163' -> '/mnt/data/15/main/base/5/4163'
copied '/var/lib/postgresql/15/main/base/5/3079' -> '/mnt/data/15/main/base/5/3079'
copied '/var/lib/postgresql/15/main/base/5/13439_vm' -> '/mnt/data/15/main/base/5/13439_vm'
copied '/var/lib/postgresql/15/main/base/5/2840' -> '/mnt/data/15/main/base/5/2840'
copied '/var/lib/postgresql/15/main/base/5/3602_vm' -> '/mnt/data/15/main/base/5/3602_vm'
copied '/var/lib/postgresql/15/main/base/5/2603' -> '/mnt/data/15/main/base/5/2603'
copied '/var/lib/postgresql/15/main/base/5/3604' -> '/mnt/data/15/main/base/5/3604'
copied '/var/lib/postgresql/15/main/base/5/2602_fsm' -> '/mnt/data/15/main/base/5/2602_fsm'
copied '/var/lib/postgresql/15/main/base/5/3596' -> '/mnt/data/15/main/base/5/3596'
copied '/var/lib/postgresql/15/main/base/5/2833' -> '/mnt/data/15/main/base/5/2833'
copied '/var/lib/postgresql/15/main/base/5/549' -> '/mnt/data/15/main/base/5/549'
copied '/var/lib/postgresql/15/main/base/5/2835' -> '/mnt/data/15/main/base/5/2835'
copied '/var/lib/postgresql/15/main/base/5/3118' -> '/mnt/data/15/main/base/5/3118'
copied '/var/lib/postgresql/15/main/base/5/2609_vm' -> '/mnt/data/15/main/base/5/2609_vm'
copied '/var/lib/postgresql/15/main/base/5/2665' -> '/mnt/data/15/main/base/5/2665'
copied '/var/lib/postgresql/15/main/base/5/3467' -> '/mnt/data/15/main/base/5/3467'
copied '/var/lib/postgresql/15/main/base/5/3599' -> '/mnt/data/15/main/base/5/3599'
copied '/var/lib/postgresql/15/main/base/5/1247' -> '/mnt/data/15/main/base/5/1247'
copied '/var/lib/postgresql/15/main/base/5/3600_vm' -> '/mnt/data/15/main/base/5/3600_vm'
copied '/var/lib/postgresql/15/main/base/5/3597' -> '/mnt/data/15/main/base/5/3597'
copied '/var/lib/postgresql/15/main/base/5/2601' -> '/mnt/data/15/main/base/5/2601'
copied '/var/lib/postgresql/15/main/base/5/2688' -> '/mnt/data/15/main/base/5/2688'
copied '/var/lib/postgresql/15/main/base/5/1259_vm' -> '/mnt/data/15/main/base/5/1259_vm'
copied '/var/lib/postgresql/15/main/base/5/6238' -> '/mnt/data/15/main/base/5/6238'
copied '/var/lib/postgresql/15/main/base/5/2616_fsm' -> '/mnt/data/15/main/base/5/2616_fsm'
copied '/var/lib/postgresql/15/main/base/5/2604' -> '/mnt/data/15/main/base/5/2604'
copied '/var/lib/postgresql/15/main/base/5/2605_vm' -> '/mnt/data/15/main/base/5/2605_vm'
copied '/var/lib/postgresql/15/main/base/5/6239' -> '/mnt/data/15/main/base/5/6239'
copied '/var/lib/postgresql/15/main/base/5/4148' -> '/mnt/data/15/main/base/5/4148'
copied '/var/lib/postgresql/15/main/base/5/2684' -> '/mnt/data/15/main/base/5/2684'
copied '/var/lib/postgresql/15/main/base/5/3381' -> '/mnt/data/15/main/base/5/3381'
copied '/var/lib/postgresql/15/main/base/5/3258' -> '/mnt/data/15/main/base/5/3258'
copied '/var/lib/postgresql/15/main/base/5/3764_fsm' -> '/mnt/data/15/main/base/5/3764_fsm'
copied '/var/lib/postgresql/15/main/base/5/3607' -> '/mnt/data/15/main/base/5/3607'
copied '/var/lib/postgresql/15/main/base/5/828' -> '/mnt/data/15/main/base/5/828'
copied '/var/lib/postgresql/15/main/base/5/4173' -> '/mnt/data/15/main/base/5/4173'
copied '/var/lib/postgresql/15/main/base/5/13439_fsm' -> '/mnt/data/15/main/base/5/13439_fsm'
copied '/var/lib/postgresql/15/main/base/5/2615_vm' -> '/mnt/data/15/main/base/5/2615_vm'
copied '/var/lib/postgresql/15/main/base/5/2753_fsm' -> '/mnt/data/15/main/base/5/2753_fsm'
copied '/var/lib/postgresql/15/main/base/5/13444_vm' -> '/mnt/data/15/main/base/5/13444_vm'
copied '/var/lib/postgresql/15/main/base/5/2753_vm' -> '/mnt/data/15/main/base/5/2753_vm'
copied '/var/lib/postgresql/15/main/base/5/1249' -> '/mnt/data/15/main/base/5/1249'
copied '/var/lib/postgresql/15/main/base/5/4159' -> '/mnt/data/15/main/base/5/4159'
copied '/var/lib/postgresql/15/main/base/5/3455' -> '/mnt/data/15/main/base/5/3455'
copied '/var/lib/postgresql/15/main/base/5/4145' -> '/mnt/data/15/main/base/5/4145'
copied '/var/lib/postgresql/15/main/base/5/2608_fsm' -> '/mnt/data/15/main/base/5/2608_fsm'
copied '/var/lib/postgresql/15/main/base/5/3379' -> '/mnt/data/15/main/base/5/3379'
copied '/var/lib/postgresql/15/main/base/5/2834' -> '/mnt/data/15/main/base/5/2834'
copied '/var/lib/postgresql/15/main/base/5/13448' -> '/mnt/data/15/main/base/5/13448'
copied '/var/lib/postgresql/15/main/base/5/3456_vm' -> '/mnt/data/15/main/base/5/3456_vm'
copied '/var/lib/postgresql/15/main/base/5/2658' -> '/mnt/data/15/main/base/5/2658'
copied '/var/lib/postgresql/15/main/base/5/3079_fsm' -> '/mnt/data/15/main/base/5/3079_fsm'
copied '/var/lib/postgresql/15/main/base/5/3380' -> '/mnt/data/15/main/base/5/3380'
copied '/var/lib/postgresql/15/main/base/5/2681' -> '/mnt/data/15/main/base/5/2681'
copied '/var/lib/postgresql/15/main/base/5/4152' -> '/mnt/data/15/main/base/5/4152'
copied '/var/lib/postgresql/15/main/base/5/548' -> '/mnt/data/15/main/base/5/548'
copied '/var/lib/postgresql/15/main/base/5/3456' -> '/mnt/data/15/main/base/5/3456'
copied '/var/lib/postgresql/15/main/base/5/2674' -> '/mnt/data/15/main/base/5/2674'
copied '/var/lib/postgresql/15/main/base/5/4160' -> '/mnt/data/15/main/base/5/4160'
copied '/var/lib/postgresql/15/main/base/5/3602' -> '/mnt/data/15/main/base/5/3602'
copied '/var/lib/postgresql/15/main/base/5/3081' -> '/mnt/data/15/main/base/5/3081'
copied '/var/lib/postgresql/15/main/base/5/2606' -> '/mnt/data/15/main/base/5/2606'
copied '/var/lib/postgresql/15/main/base/5/3575' -> '/mnt/data/15/main/base/5/3575'
copied '/var/lib/postgresql/15/main/base/5/3501' -> '/mnt/data/15/main/base/5/3501'
copied '/var/lib/postgresql/15/main/base/5/2610' -> '/mnt/data/15/main/base/5/2610'
copied '/var/lib/postgresql/15/main/base/5/2618' -> '/mnt/data/15/main/base/5/2618'
copied '/var/lib/postgresql/15/main/base/5/3608' -> '/mnt/data/15/main/base/5/3608'
copied '/var/lib/postgresql/15/main/base/5/3466' -> '/mnt/data/15/main/base/5/3466'
copied '/var/lib/postgresql/15/main/base/5/2608' -> '/mnt/data/15/main/base/5/2608'
copied '/var/lib/postgresql/15/main/base/5/3603' -> '/mnt/data/15/main/base/5/3603'
copied '/var/lib/postgresql/15/main/base/5/3394_vm' -> '/mnt/data/15/main/base/5/3394_vm'
copied '/var/lib/postgresql/15/main/base/5/2328' -> '/mnt/data/15/main/base/5/2328'
copied '/var/lib/postgresql/15/main/base/5/2615_fsm' -> '/mnt/data/15/main/base/5/2615_fsm'
copied '/var/lib/postgresql/15/main/base/5/2653' -> '/mnt/data/15/main/base/5/2653'
copied '/var/lib/postgresql/15/main/base/5/1418' -> '/mnt/data/15/main/base/5/1418'
copied '/var/lib/postgresql/15/main/base/5/2996' -> '/mnt/data/15/main/base/5/2996'
copied '/var/lib/postgresql/15/main/base/5/6113' -> '/mnt/data/15/main/base/5/6113'
copied '/var/lib/postgresql/15/main/base/5/1417' -> '/mnt/data/15/main/base/5/1417'
copied '/var/lib/postgresql/15/main/base/5/2837' -> '/mnt/data/15/main/base/5/2837'
copied '/var/lib/postgresql/15/main/base/5/3440' -> '/mnt/data/15/main/base/5/3440'
copied '/var/lib/postgresql/15/main/base/5/2607_fsm' -> '/mnt/data/15/main/base/5/2607_fsm'
copied '/var/lib/postgresql/15/main/base/5/4158' -> '/mnt/data/15/main/base/5/4158'
copied '/var/lib/postgresql/15/main/base/5/112' -> '/mnt/data/15/main/base/5/112'
copied '/var/lib/postgresql/15/main/base/5/175' -> '/mnt/data/15/main/base/5/175'
copied '/var/lib/postgresql/15/main/base/5/2609' -> '/mnt/data/15/main/base/5/2609'
copied '/var/lib/postgresql/15/main/base/5/2610_fsm' -> '/mnt/data/15/main/base/5/2610_fsm'
copied '/var/lib/postgresql/15/main/base/5/2836' -> '/mnt/data/15/main/base/5/2836'
copied '/var/lib/postgresql/15/main/base/5/2682' -> '/mnt/data/15/main/base/5/2682'
copied '/var/lib/postgresql/15/main/base/5/3456_fsm' -> '/mnt/data/15/main/base/5/3456_fsm'
copied '/var/lib/postgresql/15/main/base/5/13449' -> '/mnt/data/15/main/base/5/13449'
copied '/var/lib/postgresql/15/main/base/5/6117' -> '/mnt/data/15/main/base/5/6117'
copied '/var/lib/postgresql/15/main/base/5/2666' -> '/mnt/data/15/main/base/5/2666'
copied '/var/lib/postgresql/15/main/base/5/2616' -> '/mnt/data/15/main/base/5/2616'
copied '/var/lib/postgresql/15/main/base/5/2662' -> '/mnt/data/15/main/base/5/2662'
copied '/var/lib/postgresql/15/main/base/5/4146' -> '/mnt/data/15/main/base/5/4146'
copied '/var/lib/postgresql/15/main/base/5/3997' -> '/mnt/data/15/main/base/5/3997'
copied '/var/lib/postgresql/15/main/base/5/2609_fsm' -> '/mnt/data/15/main/base/5/2609_fsm'
copied '/var/lib/postgresql/15/main/base/5/3257' -> '/mnt/data/15/main/base/5/3257'
copied '/var/lib/postgresql/15/main/base/5/6111' -> '/mnt/data/15/main/base/5/6111'
copied '/var/lib/postgresql/15/main/base/5/2673' -> '/mnt/data/15/main/base/5/2673'
copied '/var/lib/postgresql/15/main/base/5/13452' -> '/mnt/data/15/main/base/5/13452'
copied '/var/lib/postgresql/15/main/base/5/2605_fsm' -> '/mnt/data/15/main/base/5/2605_fsm'
copied '/var/lib/postgresql/15/main/base/5/113' -> '/mnt/data/15/main/base/5/113'
copied '/var/lib/postgresql/15/main/base/5/13454_vm' -> '/mnt/data/15/main/base/5/13454_vm'
copied '/var/lib/postgresql/15/main/base/5/6228' -> '/mnt/data/15/main/base/5/6228'
copied '/var/lib/postgresql/15/main/base/5/2841' -> '/mnt/data/15/main/base/5/2841'
copied '/var/lib/postgresql/15/main/base/5/2756' -> '/mnt/data/15/main/base/5/2756'
copied '/var/lib/postgresql/15/main/base/5/1259_fsm' -> '/mnt/data/15/main/base/5/1259_fsm'
copied '/var/lib/postgresql/15/main/base/5/1247_vm' -> '/mnt/data/15/main/base/5/1247_vm'
copied '/var/lib/postgresql/15/main/base/5/2832' -> '/mnt/data/15/main/base/5/2832'
copied '/var/lib/postgresql/15/main/base/5/2669' -> '/mnt/data/15/main/base/5/2669'
copied '/var/lib/postgresql/15/main/base/5/3394_fsm' -> '/mnt/data/15/main/base/5/3394_fsm'
copied '/var/lib/postgresql/15/main/base/5/2831' -> '/mnt/data/15/main/base/5/2831'
copied '/var/lib/postgresql/15/main/base/5/13454' -> '/mnt/data/15/main/base/5/13454'
copied '/var/lib/postgresql/15/main/base/5/4156' -> '/mnt/data/15/main/base/5/4156'
copied '/var/lib/postgresql/15/main/base/5/13457' -> '/mnt/data/15/main/base/5/13457'
copied '/var/lib/postgresql/15/main/base/5/3576' -> '/mnt/data/15/main/base/5/3576'
copied '/var/lib/postgresql/15/main/base/5/3430' -> '/mnt/data/15/main/base/5/3430'
copied '/var/lib/postgresql/15/main/base/5/2606_vm' -> '/mnt/data/15/main/base/5/2606_vm'
copied '/var/lib/postgresql/15/main/base/5/2600_fsm' -> '/mnt/data/15/main/base/5/2600_fsm'
copied '/var/lib/postgresql/15/main/base/5/2685' -> '/mnt/data/15/main/base/5/2685'
copied '/var/lib/postgresql/15/main/base/5/2836_fsm' -> '/mnt/data/15/main/base/5/2836_fsm'
copied '/var/lib/postgresql/15/main/base/5/2664' -> '/mnt/data/15/main/base/5/2664'
copied '/var/lib/postgresql/15/main/base/5/4154' -> '/mnt/data/15/main/base/5/4154'
copied '/var/lib/postgresql/15/main/base/5/2616_vm' -> '/mnt/data/15/main/base/5/2616_vm'
copied '/var/lib/postgresql/15/main/base/5/4147' -> '/mnt/data/15/main/base/5/4147'
copied '/var/lib/postgresql/15/main/base/5/4169' -> '/mnt/data/15/main/base/5/4169'
copied '/var/lib/postgresql/15/main/base/5/3534' -> '/mnt/data/15/main/base/5/3534'
copied '/var/lib/postgresql/15/main/base/5/2680' -> '/mnt/data/15/main/base/5/2680'
copied '/var/lib/postgresql/15/main/base/5/2579' -> '/mnt/data/15/main/base/5/2579'
copied '/var/lib/postgresql/15/main/base/5/2660' -> '/mnt/data/15/main/base/5/2660'
copied '/var/lib/postgresql/15/main/base/5/3603_fsm' -> '/mnt/data/15/main/base/5/3603_fsm'
copied '/var/lib/postgresql/15/main/base/5/2693' -> '/mnt/data/15/main/base/5/2693'
copied '/var/lib/postgresql/15/main/base/5/4171' -> '/mnt/data/15/main/base/5/4171'
copied '/var/lib/postgresql/15/main/base/5/4157' -> '/mnt/data/15/main/base/5/4157'
copied '/var/lib/postgresql/15/main/base/5/2656' -> '/mnt/data/15/main/base/5/2656'
copied '/var/lib/postgresql/15/main/base/5/2702' -> '/mnt/data/15/main/base/5/2702'
copied '/var/lib/postgresql/15/main/base/5/4167' -> '/mnt/data/15/main/base/5/4167'
copied '/var/lib/postgresql/15/main/base/5/2668' -> '/mnt/data/15/main/base/5/2668'
copied '/var/lib/postgresql/15/main/base/5/2601_fsm' -> '/mnt/data/15/main/base/5/2601_fsm'
copied '/var/lib/postgresql/15/main/base/5/3080' -> '/mnt/data/15/main/base/5/3080'
copied '/var/lib/postgresql/15/main/base/5/2619_vm' -> '/mnt/data/15/main/base/5/2619_vm'
copied '/var/lib/postgresql/15/main/base/5/4153' -> '/mnt/data/15/main/base/5/4153'
copied '/var/lib/postgresql/15/main/base/5/3605' -> '/mnt/data/15/main/base/5/3605'
copied '/var/lib/postgresql/15/main/base/5/4174' -> '/mnt/data/15/main/base/5/4174'
copied '/var/lib/postgresql/15/main/base/5/3600' -> '/mnt/data/15/main/base/5/3600'
copied '/var/lib/postgresql/15/main/base/5/2650' -> '/mnt/data/15/main/base/5/2650'
copied '/var/lib/postgresql/15/main/base/5/2836_vm' -> '/mnt/data/15/main/base/5/2836_vm'
copied '/var/lib/postgresql/15/main/base/5/6237' -> '/mnt/data/15/main/base/5/6237'
copied '/var/lib/postgresql/15/main/base/5/2655' -> '/mnt/data/15/main/base/5/2655'
copied '/var/lib/postgresql/15/main/base/5/826' -> '/mnt/data/15/main/base/5/826'
copied '/var/lib/postgresql/15/main/base/5/2336' -> '/mnt/data/15/main/base/5/2336'
copied '/var/lib/postgresql/15/main/base/5/2600_vm' -> '/mnt/data/15/main/base/5/2600_vm'
copied '/var/lib/postgresql/15/main/base/5/3712' -> '/mnt/data/15/main/base/5/3712'
copied '/var/lib/postgresql/15/main/base/5/3601_fsm' -> '/mnt/data/15/main/base/5/3601_fsm'
copied '/var/lib/postgresql/15/main/base/5/3541_vm' -> '/mnt/data/15/main/base/5/3541_vm'
copied '/var/lib/postgresql/15/main/base/5/2603_vm' -> '/mnt/data/15/main/base/5/2603_vm'
copied '/var/lib/postgresql/15/main/base/5/2618_fsm' -> '/mnt/data/15/main/base/5/2618_fsm'
copied '/var/lib/postgresql/15/main/base/5/2610_vm' -> '/mnt/data/15/main/base/5/2610_vm'
copied '/var/lib/postgresql/15/main/base/5/13449_vm' -> '/mnt/data/15/main/base/5/13449_vm'
copied '/var/lib/postgresql/15/main/base/5/2659' -> '/mnt/data/15/main/base/5/2659'
copied '/var/lib/postgresql/15/main/base/5/3541_fsm' -> '/mnt/data/15/main/base/5/3541_fsm'
copied '/var/lib/postgresql/15/main/base/5/2755' -> '/mnt/data/15/main/base/5/2755'
copied '/var/lib/postgresql/15/main/base/5/3256' -> '/mnt/data/15/main/base/5/3256'
copied '/var/lib/postgresql/15/main/base/5/4150' -> '/mnt/data/15/main/base/5/4150'
copied '/var/lib/postgresql/15/main/base/5/6112' -> '/mnt/data/15/main/base/5/6112'
copied '/var/lib/postgresql/15/main/base/5/2839' -> '/mnt/data/15/main/base/5/2839'
copied '/var/lib/postgresql/15/main/base/5/2651' -> '/mnt/data/15/main/base/5/2651'
copied '/var/lib/postgresql/15/main/base/5/2337' -> '/mnt/data/15/main/base/5/2337'
copied '/var/lib/postgresql/15/main/base/5/13442' -> '/mnt/data/15/main/base/5/13442'
copied '/var/lib/postgresql/15/main/base/5/2683' -> '/mnt/data/15/main/base/5/2683'
copied '/var/lib/postgresql/15/main/base/5/16388' -> '/mnt/data/15/main/base/5/16388'
copied '/var/lib/postgresql/15/main/base/5/16391' -> '/mnt/data/15/main/base/5/16391'
copied '/var/lib/postgresql/15/main/base/5/16392' -> '/mnt/data/15/main/base/5/16392'
created directory '/mnt/data/15/main/pg_replslot'
created directory '/mnt/data/15/main/pg_tblspc'
created directory '/mnt/data/15/main/pg_stat'
copied '/var/lib/postgresql/15/main/pg_stat/pgstat.stat' -> '/mnt/data/15/main/pg_stat/pgstat.stat'
created directory '/mnt/data/15/main/pg_stat_tmp'
created directory '/mnt/data/15/main/pg_xact'
copied '/var/lib/postgresql/15/main/pg_xact/0000' -> '/mnt/data/15/main/pg_xact/0000'
created directory '/mnt/data/15/main/pg_logical'
created directory '/mnt/data/15/main/pg_logical/snapshots'
created directory '/mnt/data/15/main/pg_logical/mappings'
copied '/var/lib/postgresql/15/main/pg_logical/replorigin_checkpoint' -> '/mnt/data/15/main/pg_logical/replorigin_checkpoint'
copied '/var/lib/postgresql/15/main/PG_VERSION' -> '/mnt/data/15/main/PG_VERSION'
copied '/var/lib/postgresql/15/main/postgresql.auto.conf' -> '/mnt/data/15/main/postgresql.auto.conf'
copied '/var/lib/postgresql/15/main/postmaster.opts' -> '/mnt/data/15/main/postmaster.opts'
removed '/var/lib/postgresql/15/main/pg_xact/0000'
removed directory '/var/lib/postgresql/15/main/pg_xact'
removed directory '/var/lib/postgresql/15/main/pg_snapshots'
removed '/var/lib/postgresql/15/main/base/4/2754'
removed '/var/lib/postgresql/15/main/base/4/1249_vm'
removed '/var/lib/postgresql/15/main/base/4/4143'
removed '/var/lib/postgresql/15/main/base/4/827'
removed '/var/lib/postgresql/15/main/base/4/3351'
removed '/var/lib/postgresql/15/main/base/4/3764'
removed '/var/lib/postgresql/15/main/base/4/4166'
removed '/var/lib/postgresql/15/main/base/4/13443'
removed '/var/lib/postgresql/15/main/base/4/1259'
removed '/var/lib/postgresql/15/main/base/4/2654'
removed '/var/lib/postgresql/15/main/base/4/3602_fsm'
removed '/var/lib/postgresql/15/main/base/4/2692'
removed '/var/lib/postgresql/15/main/base/4/3079_vm'
removed '/var/lib/postgresql/15/main/base/4/4165'
removed '/var/lib/postgresql/15/main/base/4/1247_fsm'
removed '/var/lib/postgresql/15/main/base/4/3541'
removed '/var/lib/postgresql/15/main/base/4/2224'
removed '/var/lib/postgresql/15/main/base/4/3502'
removed '/var/lib/postgresql/15/main/base/4/4170'
removed '/var/lib/postgresql/15/main/base/4/2602_vm'
removed '/var/lib/postgresql/15/main/base/4/3574'
removed '/var/lib/postgresql/15/main/base/4/2606_fsm'
removed '/var/lib/postgresql/15/main/base/4/3395'
removed '/var/lib/postgresql/15/main/base/4/2613'
removed '/var/lib/postgresql/15/main/base/4/3601_vm'
removed '/var/lib/postgresql/15/main/base/4/2703'
removed '/var/lib/postgresql/15/main/base/4/13444_fsm'
removed '/var/lib/postgresql/15/main/base/4/3429'
removed '/var/lib/postgresql/15/main/base/4/2679'
removed '/var/lib/postgresql/15/main/base/4/13447'
removed '/var/lib/postgresql/15/main/base/4/2691'
removed '/var/lib/postgresql/15/main/base/4/2619_fsm'
removed '/var/lib/postgresql/15/main/base/4/1255'
removed '/var/lib/postgresql/15/main/base/4/2838_fsm'
removed '/var/lib/postgresql/15/main/base/4/2663'
removed '/var/lib/postgresql/15/main/base/4/6175'
removed '/var/lib/postgresql/15/main/base/4/13439'
removed '/var/lib/postgresql/15/main/base/4/2618_vm'
removed '/var/lib/postgresql/15/main/base/4/13444'
removed '/var/lib/postgresql/15/main/base/4/2830'
removed '/var/lib/postgresql/15/main/base/4/13458'
removed '/var/lib/postgresql/15/main/base/4/3433'
removed '/var/lib/postgresql/15/main/base/4/3766'
removed '/var/lib/postgresql/15/main/base/4/6102'
removed '/var/lib/postgresql/15/main/base/4/3598'
removed '/var/lib/postgresql/15/main/base/4/4172'
removed '/var/lib/postgresql/15/main/base/4/2619'
removed '/var/lib/postgresql/15/main/base/4/3600_fsm'
removed '/var/lib/postgresql/15/main/base/4/13453'
removed '/var/lib/postgresql/15/main/base/4/2689'
removed '/var/lib/postgresql/15/main/base/4/3609'
removed '/var/lib/postgresql/15/main/base/4/5002'
removed '/var/lib/postgresql/15/main/base/4/3119'
removed '/var/lib/postgresql/15/main/base/4/2699'
removed '/var/lib/postgresql/15/main/base/4/2612'
removed '/var/lib/postgresql/15/main/base/4/3606'
removed '/var/lib/postgresql/15/main/base/4/2611'
removed '/var/lib/postgresql/15/main/base/4/2612_fsm'
removed '/var/lib/postgresql/15/main/base/4/3601'
removed '/var/lib/postgresql/15/main/base/4/2620'
removed '/var/lib/postgresql/15/main/base/4/6176'
removed '/var/lib/postgresql/15/main/base/4/174'
removed '/var/lib/postgresql/15/main/base/4/3085'
removed '/var/lib/postgresql/15/main/base/4/2840_vm'
removed '/var/lib/postgresql/15/main/base/4/2617_vm'
removed '/var/lib/postgresql/15/main/base/4/PG_VERSION'
removed '/var/lib/postgresql/15/main/base/4/4149'
removed '/var/lib/postgresql/15/main/base/4/2187'
removed '/var/lib/postgresql/15/main/base/4/2675'
removed '/var/lib/postgresql/15/main/base/4/2617'
removed '/var/lib/postgresql/15/main/base/4/2701'
removed '/var/lib/postgresql/15/main/base/4/13454_fsm'
removed '/var/lib/postgresql/15/main/base/4/2838_vm'
removed '/var/lib/postgresql/15/main/base/4/2838'
removed '/var/lib/postgresql/15/main/base/4/6104'
removed '/var/lib/postgresql/15/main/base/4/1255_fsm'
removed '/var/lib/postgresql/15/main/base/4/3350'
removed '/var/lib/postgresql/15/main/base/4/4164'
removed '/var/lib/postgresql/15/main/base/4/3503'
removed '/var/lib/postgresql/15/main/base/4/2661'
removed '/var/lib/postgresql/15/main/base/4/6116'
removed '/var/lib/postgresql/15/main/base/4/4168'
removed '/var/lib/postgresql/15/main/base/4/2753'
removed '/var/lib/postgresql/15/main/base/4/2607'
removed '/var/lib/postgresql/15/main/base/4/13449_fsm'
removed '/var/lib/postgresql/15/main/base/4/pg_filenode.map'
removed '/var/lib/postgresql/15/main/base/4/3431'
removed '/var/lib/postgresql/15/main/base/4/2757'
removed '/var/lib/postgresql/15/main/base/4/3164'
removed '/var/lib/postgresql/15/main/base/4/2600'
removed '/var/lib/postgresql/15/main/base/4/3439'
removed '/var/lib/postgresql/15/main/base/4/2667'
removed '/var/lib/postgresql/15/main/base/4/4151'
removed '/var/lib/postgresql/15/main/base/4/2612_vm'
removed '/var/lib/postgresql/15/main/base/4/1249_fsm'
removed '/var/lib/postgresql/15/main/base/4/4155'
removed '/var/lib/postgresql/15/main/base/4/3764_vm'
removed '/var/lib/postgresql/15/main/base/4/2696'
removed '/var/lib/postgresql/15/main/base/4/2686'
removed '/var/lib/postgresql/15/main/base/4/2657'
removed '/var/lib/postgresql/15/main/base/4/6106'
removed '/var/lib/postgresql/15/main/base/4/2605'
removed '/var/lib/postgresql/15/main/base/4/2603_fsm'
removed '/var/lib/postgresql/15/main/base/4/3542'
removed '/var/lib/postgresql/15/main/base/4/2687'
removed '/var/lib/postgresql/15/main/base/4/2608_vm'
removed '/var/lib/postgresql/15/main/base/4/2840_fsm'
removed '/var/lib/postgresql/15/main/base/4/2617_fsm'
removed '/var/lib/postgresql/15/main/base/4/2602'
removed '/var/lib/postgresql/15/main/base/4/2652'
removed '/var/lib/postgresql/15/main/base/4/2615'
removed '/var/lib/postgresql/15/main/base/4/2607_vm'
removed '/var/lib/postgresql/15/main/base/4/6110'
removed '/var/lib/postgresql/15/main/base/4/2690'
removed '/var/lib/postgresql/15/main/base/4/3603_vm'
removed '/var/lib/postgresql/15/main/base/4/2704'
removed '/var/lib/postgresql/15/main/base/4/2678'
removed '/var/lib/postgresql/15/main/base/4/2995'
removed '/var/lib/postgresql/15/main/base/4/2601_vm'
removed '/var/lib/postgresql/15/main/base/4/2670'
removed '/var/lib/postgresql/15/main/base/4/4144'
removed '/var/lib/postgresql/15/main/base/4/1255_vm'
removed '/var/lib/postgresql/15/main/base/4/2228'
removed '/var/lib/postgresql/15/main/base/4/3394'
removed '/var/lib/postgresql/15/main/base/4/3468'
removed '/var/lib/postgresql/15/main/base/4/3767'
removed '/var/lib/postgresql/15/main/base/4/6229'
removed '/var/lib/postgresql/15/main/base/4/4163'
removed '/var/lib/postgresql/15/main/base/4/3079'
removed '/var/lib/postgresql/15/main/base/4/13439_vm'
removed '/var/lib/postgresql/15/main/base/4/2840'
removed '/var/lib/postgresql/15/main/base/4/3602_vm'
removed '/var/lib/postgresql/15/main/base/4/2603'
removed '/var/lib/postgresql/15/main/base/4/3604'
removed '/var/lib/postgresql/15/main/base/4/2602_fsm'
removed '/var/lib/postgresql/15/main/base/4/3596'
removed '/var/lib/postgresql/15/main/base/4/2833'
removed '/var/lib/postgresql/15/main/base/4/549'
removed '/var/lib/postgresql/15/main/base/4/2835'
removed '/var/lib/postgresql/15/main/base/4/3118'
removed '/var/lib/postgresql/15/main/base/4/2609_vm'
removed '/var/lib/postgresql/15/main/base/4/2665'
removed '/var/lib/postgresql/15/main/base/4/3467'
removed '/var/lib/postgresql/15/main/base/4/3599'
removed '/var/lib/postgresql/15/main/base/4/1247'
removed '/var/lib/postgresql/15/main/base/4/3600_vm'
removed '/var/lib/postgresql/15/main/base/4/3597'
removed '/var/lib/postgresql/15/main/base/4/2601'
removed '/var/lib/postgresql/15/main/base/4/2688'
removed '/var/lib/postgresql/15/main/base/4/1259_vm'
removed '/var/lib/postgresql/15/main/base/4/6238'
removed '/var/lib/postgresql/15/main/base/4/2616_fsm'
removed '/var/lib/postgresql/15/main/base/4/2604'
removed '/var/lib/postgresql/15/main/base/4/2605_vm'
removed '/var/lib/postgresql/15/main/base/4/6239'
removed '/var/lib/postgresql/15/main/base/4/4148'
removed '/var/lib/postgresql/15/main/base/4/2684'
removed '/var/lib/postgresql/15/main/base/4/3381'
removed '/var/lib/postgresql/15/main/base/4/3258'
removed '/var/lib/postgresql/15/main/base/4/3764_fsm'
removed '/var/lib/postgresql/15/main/base/4/3607'
removed '/var/lib/postgresql/15/main/base/4/828'
removed '/var/lib/postgresql/15/main/base/4/4173'
removed '/var/lib/postgresql/15/main/base/4/13439_fsm'
removed '/var/lib/postgresql/15/main/base/4/2615_vm'
removed '/var/lib/postgresql/15/main/base/4/2753_fsm'
removed '/var/lib/postgresql/15/main/base/4/13444_vm'
removed '/var/lib/postgresql/15/main/base/4/2753_vm'
removed '/var/lib/postgresql/15/main/base/4/1249'
removed '/var/lib/postgresql/15/main/base/4/4159'
removed '/var/lib/postgresql/15/main/base/4/3455'
removed '/var/lib/postgresql/15/main/base/4/4145'
removed '/var/lib/postgresql/15/main/base/4/2608_fsm'
removed '/var/lib/postgresql/15/main/base/4/3379'
removed '/var/lib/postgresql/15/main/base/4/2834'
removed '/var/lib/postgresql/15/main/base/4/13448'
removed '/var/lib/postgresql/15/main/base/4/3456_vm'
removed '/var/lib/postgresql/15/main/base/4/2658'
removed '/var/lib/postgresql/15/main/base/4/3079_fsm'
removed '/var/lib/postgresql/15/main/base/4/3380'
removed '/var/lib/postgresql/15/main/base/4/2681'
removed '/var/lib/postgresql/15/main/base/4/4152'
removed '/var/lib/postgresql/15/main/base/4/548'
removed '/var/lib/postgresql/15/main/base/4/3456'
removed '/var/lib/postgresql/15/main/base/4/2674'
removed '/var/lib/postgresql/15/main/base/4/4160'
removed '/var/lib/postgresql/15/main/base/4/3602'
removed '/var/lib/postgresql/15/main/base/4/3081'
removed '/var/lib/postgresql/15/main/base/4/2606'
removed '/var/lib/postgresql/15/main/base/4/3575'
removed '/var/lib/postgresql/15/main/base/4/3501'
removed '/var/lib/postgresql/15/main/base/4/2610'
removed '/var/lib/postgresql/15/main/base/4/2618'
removed '/var/lib/postgresql/15/main/base/4/3608'
removed '/var/lib/postgresql/15/main/base/4/3466'
removed '/var/lib/postgresql/15/main/base/4/2608'
removed '/var/lib/postgresql/15/main/base/4/3603'
removed '/var/lib/postgresql/15/main/base/4/3394_vm'
removed '/var/lib/postgresql/15/main/base/4/2328'
removed '/var/lib/postgresql/15/main/base/4/2615_fsm'
removed '/var/lib/postgresql/15/main/base/4/2653'
removed '/var/lib/postgresql/15/main/base/4/1418'
removed '/var/lib/postgresql/15/main/base/4/2996'
removed '/var/lib/postgresql/15/main/base/4/6113'
removed '/var/lib/postgresql/15/main/base/4/1417'
removed '/var/lib/postgresql/15/main/base/4/2837'
removed '/var/lib/postgresql/15/main/base/4/3440'
removed '/var/lib/postgresql/15/main/base/4/2607_fsm'
removed '/var/lib/postgresql/15/main/base/4/4158'
removed '/var/lib/postgresql/15/main/base/4/112'
removed '/var/lib/postgresql/15/main/base/4/175'
removed '/var/lib/postgresql/15/main/base/4/2609'
removed '/var/lib/postgresql/15/main/base/4/2610_fsm'
removed '/var/lib/postgresql/15/main/base/4/2836'
removed '/var/lib/postgresql/15/main/base/4/2682'
removed '/var/lib/postgresql/15/main/base/4/3456_fsm'
removed '/var/lib/postgresql/15/main/base/4/13449'
removed '/var/lib/postgresql/15/main/base/4/6117'
removed '/var/lib/postgresql/15/main/base/4/2666'
removed '/var/lib/postgresql/15/main/base/4/2616'
removed '/var/lib/postgresql/15/main/base/4/2662'
removed '/var/lib/postgresql/15/main/base/4/4146'
removed '/var/lib/postgresql/15/main/base/4/3997'
removed '/var/lib/postgresql/15/main/base/4/2609_fsm'
removed '/var/lib/postgresql/15/main/base/4/3257'
removed '/var/lib/postgresql/15/main/base/4/6111'
removed '/var/lib/postgresql/15/main/base/4/2673'
removed '/var/lib/postgresql/15/main/base/4/13452'
removed '/var/lib/postgresql/15/main/base/4/2605_fsm'
removed '/var/lib/postgresql/15/main/base/4/113'
removed '/var/lib/postgresql/15/main/base/4/13454_vm'
removed '/var/lib/postgresql/15/main/base/4/6228'
removed '/var/lib/postgresql/15/main/base/4/2841'
removed '/var/lib/postgresql/15/main/base/4/2756'
removed '/var/lib/postgresql/15/main/base/4/1259_fsm'
removed '/var/lib/postgresql/15/main/base/4/1247_vm'
removed '/var/lib/postgresql/15/main/base/4/2832'
removed '/var/lib/postgresql/15/main/base/4/2669'
removed '/var/lib/postgresql/15/main/base/4/3394_fsm'
removed '/var/lib/postgresql/15/main/base/4/2831'
removed '/var/lib/postgresql/15/main/base/4/13454'
removed '/var/lib/postgresql/15/main/base/4/4156'
removed '/var/lib/postgresql/15/main/base/4/13457'
removed '/var/lib/postgresql/15/main/base/4/3576'
removed '/var/lib/postgresql/15/main/base/4/3430'
removed '/var/lib/postgresql/15/main/base/4/2606_vm'
removed '/var/lib/postgresql/15/main/base/4/2600_fsm'
removed '/var/lib/postgresql/15/main/base/4/2685'
removed '/var/lib/postgresql/15/main/base/4/2836_fsm'
removed '/var/lib/postgresql/15/main/base/4/2664'
removed '/var/lib/postgresql/15/main/base/4/4154'
removed '/var/lib/postgresql/15/main/base/4/2616_vm'
removed '/var/lib/postgresql/15/main/base/4/4147'
removed '/var/lib/postgresql/15/main/base/4/4169'
removed '/var/lib/postgresql/15/main/base/4/3534'
removed '/var/lib/postgresql/15/main/base/4/2680'
removed '/var/lib/postgresql/15/main/base/4/2579'
removed '/var/lib/postgresql/15/main/base/4/2660'
removed '/var/lib/postgresql/15/main/base/4/3603_fsm'
removed '/var/lib/postgresql/15/main/base/4/2693'
removed '/var/lib/postgresql/15/main/base/4/4171'
removed '/var/lib/postgresql/15/main/base/4/4157'
removed '/var/lib/postgresql/15/main/base/4/2656'
removed '/var/lib/postgresql/15/main/base/4/2702'
removed '/var/lib/postgresql/15/main/base/4/4167'
removed '/var/lib/postgresql/15/main/base/4/2668'
removed '/var/lib/postgresql/15/main/base/4/2601_fsm'
removed '/var/lib/postgresql/15/main/base/4/3080'
removed '/var/lib/postgresql/15/main/base/4/2619_vm'
removed '/var/lib/postgresql/15/main/base/4/4153'
removed '/var/lib/postgresql/15/main/base/4/3605'
removed '/var/lib/postgresql/15/main/base/4/4174'
removed '/var/lib/postgresql/15/main/base/4/3600'
removed '/var/lib/postgresql/15/main/base/4/2650'
removed '/var/lib/postgresql/15/main/base/4/2836_vm'
removed '/var/lib/postgresql/15/main/base/4/6237'
removed '/var/lib/postgresql/15/main/base/4/2655'
removed '/var/lib/postgresql/15/main/base/4/826'
removed '/var/lib/postgresql/15/main/base/4/2336'
removed '/var/lib/postgresql/15/main/base/4/2600_vm'
removed '/var/lib/postgresql/15/main/base/4/3712'
removed '/var/lib/postgresql/15/main/base/4/3601_fsm'
removed '/var/lib/postgresql/15/main/base/4/3541_vm'
removed '/var/lib/postgresql/15/main/base/4/2603_vm'
removed '/var/lib/postgresql/15/main/base/4/2618_fsm'
removed '/var/lib/postgresql/15/main/base/4/2610_vm'
removed '/var/lib/postgresql/15/main/base/4/13449_vm'
removed '/var/lib/postgresql/15/main/base/4/2659'
removed '/var/lib/postgresql/15/main/base/4/3541_fsm'
removed '/var/lib/postgresql/15/main/base/4/2755'
removed '/var/lib/postgresql/15/main/base/4/3256'
removed '/var/lib/postgresql/15/main/base/4/4150'
removed '/var/lib/postgresql/15/main/base/4/6112'
removed '/var/lib/postgresql/15/main/base/4/2839'
removed '/var/lib/postgresql/15/main/base/4/2651'
removed '/var/lib/postgresql/15/main/base/4/2337'
removed '/var/lib/postgresql/15/main/base/4/13442'
removed '/var/lib/postgresql/15/main/base/4/2683'
removed directory '/var/lib/postgresql/15/main/base/4'
removed '/var/lib/postgresql/15/main/base/1/2754'
removed '/var/lib/postgresql/15/main/base/1/1249_vm'
removed '/var/lib/postgresql/15/main/base/1/4143'
removed '/var/lib/postgresql/15/main/base/1/827'
removed '/var/lib/postgresql/15/main/base/1/3351'
removed '/var/lib/postgresql/15/main/base/1/3764'
removed '/var/lib/postgresql/15/main/base/1/4166'
removed '/var/lib/postgresql/15/main/base/1/13443'
removed '/var/lib/postgresql/15/main/base/1/1259'
removed '/var/lib/postgresql/15/main/base/1/2654'
removed '/var/lib/postgresql/15/main/base/1/3602_fsm'
removed '/var/lib/postgresql/15/main/base/1/2692'
removed '/var/lib/postgresql/15/main/base/1/3079_vm'
removed '/var/lib/postgresql/15/main/base/1/4165'
removed '/var/lib/postgresql/15/main/base/1/1247_fsm'
removed '/var/lib/postgresql/15/main/base/1/3541'
removed '/var/lib/postgresql/15/main/base/1/2224'
removed '/var/lib/postgresql/15/main/base/1/3502'
removed '/var/lib/postgresql/15/main/base/1/4170'
removed '/var/lib/postgresql/15/main/base/1/2602_vm'
removed '/var/lib/postgresql/15/main/base/1/3574'
removed '/var/lib/postgresql/15/main/base/1/2606_fsm'
removed '/var/lib/postgresql/15/main/base/1/3395'
removed '/var/lib/postgresql/15/main/base/1/2613'
removed '/var/lib/postgresql/15/main/base/1/3601_vm'
removed '/var/lib/postgresql/15/main/base/1/2703'
removed '/var/lib/postgresql/15/main/base/1/13444_fsm'
removed '/var/lib/postgresql/15/main/base/1/3429'
removed '/var/lib/postgresql/15/main/base/1/2679'
removed '/var/lib/postgresql/15/main/base/1/13447'
removed '/var/lib/postgresql/15/main/base/1/2691'
removed '/var/lib/postgresql/15/main/base/1/2619_fsm'
removed '/var/lib/postgresql/15/main/base/1/1255'
removed '/var/lib/postgresql/15/main/base/1/2838_fsm'
removed '/var/lib/postgresql/15/main/base/1/2663'
removed '/var/lib/postgresql/15/main/base/1/6175'
removed '/var/lib/postgresql/15/main/base/1/13439'
removed '/var/lib/postgresql/15/main/base/1/2618_vm'
removed '/var/lib/postgresql/15/main/base/1/13444'
removed '/var/lib/postgresql/15/main/base/1/2830'
removed '/var/lib/postgresql/15/main/base/1/13458'
removed '/var/lib/postgresql/15/main/base/1/3433'
removed '/var/lib/postgresql/15/main/base/1/3766'
removed '/var/lib/postgresql/15/main/base/1/6102'
removed '/var/lib/postgresql/15/main/base/1/3598'
removed '/var/lib/postgresql/15/main/base/1/4172'
removed '/var/lib/postgresql/15/main/base/1/2619'
removed '/var/lib/postgresql/15/main/base/1/3600_fsm'
removed '/var/lib/postgresql/15/main/base/1/13453'
removed '/var/lib/postgresql/15/main/base/1/2689'
removed '/var/lib/postgresql/15/main/base/1/3609'
removed '/var/lib/postgresql/15/main/base/1/5002'
removed '/var/lib/postgresql/15/main/base/1/3119'
removed '/var/lib/postgresql/15/main/base/1/2699'
removed '/var/lib/postgresql/15/main/base/1/2612'
removed '/var/lib/postgresql/15/main/base/1/3606'
removed '/var/lib/postgresql/15/main/base/1/2611'
removed '/var/lib/postgresql/15/main/base/1/2612_fsm'
removed '/var/lib/postgresql/15/main/base/1/3601'
removed '/var/lib/postgresql/15/main/base/1/2620'
removed '/var/lib/postgresql/15/main/base/1/6176'
removed '/var/lib/postgresql/15/main/base/1/174'
removed '/var/lib/postgresql/15/main/base/1/3085'
removed '/var/lib/postgresql/15/main/base/1/2840_vm'
removed '/var/lib/postgresql/15/main/base/1/2617_vm'
removed '/var/lib/postgresql/15/main/base/1/PG_VERSION'
removed '/var/lib/postgresql/15/main/base/1/4149'
removed '/var/lib/postgresql/15/main/base/1/2187'
removed '/var/lib/postgresql/15/main/base/1/2675'
removed '/var/lib/postgresql/15/main/base/1/2617'
removed '/var/lib/postgresql/15/main/base/1/2701'
removed '/var/lib/postgresql/15/main/base/1/13454_fsm'
removed '/var/lib/postgresql/15/main/base/1/2838_vm'
removed '/var/lib/postgresql/15/main/base/1/2838'
removed '/var/lib/postgresql/15/main/base/1/6104'
removed '/var/lib/postgresql/15/main/base/1/1255_fsm'
removed '/var/lib/postgresql/15/main/base/1/3350'
removed '/var/lib/postgresql/15/main/base/1/4164'
removed '/var/lib/postgresql/15/main/base/1/3503'
removed '/var/lib/postgresql/15/main/base/1/2661'
removed '/var/lib/postgresql/15/main/base/1/6116'
removed '/var/lib/postgresql/15/main/base/1/4168'
removed '/var/lib/postgresql/15/main/base/1/2753'
removed '/var/lib/postgresql/15/main/base/1/2607'
removed '/var/lib/postgresql/15/main/base/1/13449_fsm'
removed '/var/lib/postgresql/15/main/base/1/pg_filenode.map'
removed '/var/lib/postgresql/15/main/base/1/3431'
removed '/var/lib/postgresql/15/main/base/1/2757'
removed '/var/lib/postgresql/15/main/base/1/3164'
removed '/var/lib/postgresql/15/main/base/1/2600'
removed '/var/lib/postgresql/15/main/base/1/3439'
removed '/var/lib/postgresql/15/main/base/1/2667'
removed '/var/lib/postgresql/15/main/base/1/4151'
removed '/var/lib/postgresql/15/main/base/1/2612_vm'
removed '/var/lib/postgresql/15/main/base/1/1249_fsm'
removed '/var/lib/postgresql/15/main/base/1/4155'
removed '/var/lib/postgresql/15/main/base/1/3764_vm'
removed '/var/lib/postgresql/15/main/base/1/2696'
removed '/var/lib/postgresql/15/main/base/1/2686'
removed '/var/lib/postgresql/15/main/base/1/2657'
removed '/var/lib/postgresql/15/main/base/1/6106'
removed '/var/lib/postgresql/15/main/base/1/2605'
removed '/var/lib/postgresql/15/main/base/1/2603_fsm'
removed '/var/lib/postgresql/15/main/base/1/3542'
removed '/var/lib/postgresql/15/main/base/1/2687'
removed '/var/lib/postgresql/15/main/base/1/2608_vm'
removed '/var/lib/postgresql/15/main/base/1/2840_fsm'
removed '/var/lib/postgresql/15/main/base/1/2617_fsm'
removed '/var/lib/postgresql/15/main/base/1/2602'
removed '/var/lib/postgresql/15/main/base/1/2652'
removed '/var/lib/postgresql/15/main/base/1/2615'
removed '/var/lib/postgresql/15/main/base/1/2607_vm'
removed '/var/lib/postgresql/15/main/base/1/6110'
removed '/var/lib/postgresql/15/main/base/1/2690'
removed '/var/lib/postgresql/15/main/base/1/3603_vm'
removed '/var/lib/postgresql/15/main/base/1/2704'
removed '/var/lib/postgresql/15/main/base/1/2678'
removed '/var/lib/postgresql/15/main/base/1/2995'
removed '/var/lib/postgresql/15/main/base/1/2601_vm'
removed '/var/lib/postgresql/15/main/base/1/2670'
removed '/var/lib/postgresql/15/main/base/1/4144'
removed '/var/lib/postgresql/15/main/base/1/1255_vm'
removed '/var/lib/postgresql/15/main/base/1/2228'
removed '/var/lib/postgresql/15/main/base/1/3394'
removed '/var/lib/postgresql/15/main/base/1/3468'
removed '/var/lib/postgresql/15/main/base/1/3767'
removed '/var/lib/postgresql/15/main/base/1/6229'
removed '/var/lib/postgresql/15/main/base/1/4163'
removed '/var/lib/postgresql/15/main/base/1/3079'
removed '/var/lib/postgresql/15/main/base/1/13439_vm'
removed '/var/lib/postgresql/15/main/base/1/2840'
removed '/var/lib/postgresql/15/main/base/1/3602_vm'
removed '/var/lib/postgresql/15/main/base/1/2603'
removed '/var/lib/postgresql/15/main/base/1/3604'
removed '/var/lib/postgresql/15/main/base/1/2602_fsm'
removed '/var/lib/postgresql/15/main/base/1/3596'
removed '/var/lib/postgresql/15/main/base/1/2833'
removed '/var/lib/postgresql/15/main/base/1/549'
removed '/var/lib/postgresql/15/main/base/1/2835'
removed '/var/lib/postgresql/15/main/base/1/3118'
removed '/var/lib/postgresql/15/main/base/1/2609_vm'
removed '/var/lib/postgresql/15/main/base/1/2665'
removed '/var/lib/postgresql/15/main/base/1/3467'
removed '/var/lib/postgresql/15/main/base/1/3599'
removed '/var/lib/postgresql/15/main/base/1/1247'
removed '/var/lib/postgresql/15/main/base/1/3600_vm'
removed '/var/lib/postgresql/15/main/base/1/3597'
removed '/var/lib/postgresql/15/main/base/1/2601'
removed '/var/lib/postgresql/15/main/base/1/2688'
removed '/var/lib/postgresql/15/main/base/1/1259_vm'
removed '/var/lib/postgresql/15/main/base/1/6238'
removed '/var/lib/postgresql/15/main/base/1/2616_fsm'
removed '/var/lib/postgresql/15/main/base/1/2604'
removed '/var/lib/postgresql/15/main/base/1/2605_vm'
removed '/var/lib/postgresql/15/main/base/1/6239'
removed '/var/lib/postgresql/15/main/base/1/4148'
removed '/var/lib/postgresql/15/main/base/1/2684'
removed '/var/lib/postgresql/15/main/base/1/3381'
removed '/var/lib/postgresql/15/main/base/1/3258'
removed '/var/lib/postgresql/15/main/base/1/3764_fsm'
removed '/var/lib/postgresql/15/main/base/1/3607'
removed '/var/lib/postgresql/15/main/base/1/828'
removed '/var/lib/postgresql/15/main/base/1/4173'
removed '/var/lib/postgresql/15/main/base/1/13439_fsm'
removed '/var/lib/postgresql/15/main/base/1/2615_vm'
removed '/var/lib/postgresql/15/main/base/1/2753_fsm'
removed '/var/lib/postgresql/15/main/base/1/13444_vm'
removed '/var/lib/postgresql/15/main/base/1/2753_vm'
removed '/var/lib/postgresql/15/main/base/1/1249'
removed '/var/lib/postgresql/15/main/base/1/4159'
removed '/var/lib/postgresql/15/main/base/1/3455'
removed '/var/lib/postgresql/15/main/base/1/4145'
removed '/var/lib/postgresql/15/main/base/1/2608_fsm'
removed '/var/lib/postgresql/15/main/base/1/3379'
removed '/var/lib/postgresql/15/main/base/1/2834'
removed '/var/lib/postgresql/15/main/base/1/13448'
removed '/var/lib/postgresql/15/main/base/1/3456_vm'
removed '/var/lib/postgresql/15/main/base/1/2658'
removed '/var/lib/postgresql/15/main/base/1/3079_fsm'
removed '/var/lib/postgresql/15/main/base/1/3380'
removed '/var/lib/postgresql/15/main/base/1/2681'
removed '/var/lib/postgresql/15/main/base/1/4152'
removed '/var/lib/postgresql/15/main/base/1/548'
removed '/var/lib/postgresql/15/main/base/1/3456'
removed '/var/lib/postgresql/15/main/base/1/2674'
removed '/var/lib/postgresql/15/main/base/1/4160'
removed '/var/lib/postgresql/15/main/base/1/3602'
removed '/var/lib/postgresql/15/main/base/1/3081'
removed '/var/lib/postgresql/15/main/base/1/2606'
removed '/var/lib/postgresql/15/main/base/1/3575'
removed '/var/lib/postgresql/15/main/base/1/3501'
removed '/var/lib/postgresql/15/main/base/1/2610'
removed '/var/lib/postgresql/15/main/base/1/2618'
removed '/var/lib/postgresql/15/main/base/1/3608'
removed '/var/lib/postgresql/15/main/base/1/3466'
removed '/var/lib/postgresql/15/main/base/1/2608'
removed '/var/lib/postgresql/15/main/base/1/pg_internal.init'
removed '/var/lib/postgresql/15/main/base/1/3603'
removed '/var/lib/postgresql/15/main/base/1/3394_vm'
removed '/var/lib/postgresql/15/main/base/1/2328'
removed '/var/lib/postgresql/15/main/base/1/2615_fsm'
removed '/var/lib/postgresql/15/main/base/1/2653'
removed '/var/lib/postgresql/15/main/base/1/1418'
removed '/var/lib/postgresql/15/main/base/1/2996'
removed '/var/lib/postgresql/15/main/base/1/6113'
removed '/var/lib/postgresql/15/main/base/1/1417'
removed '/var/lib/postgresql/15/main/base/1/2837'
removed '/var/lib/postgresql/15/main/base/1/3440'
removed '/var/lib/postgresql/15/main/base/1/2607_fsm'
removed '/var/lib/postgresql/15/main/base/1/4158'
removed '/var/lib/postgresql/15/main/base/1/112'
removed '/var/lib/postgresql/15/main/base/1/175'
removed '/var/lib/postgresql/15/main/base/1/2609'
removed '/var/lib/postgresql/15/main/base/1/2610_fsm'
removed '/var/lib/postgresql/15/main/base/1/2836'
removed '/var/lib/postgresql/15/main/base/1/2682'
removed '/var/lib/postgresql/15/main/base/1/3456_fsm'
removed '/var/lib/postgresql/15/main/base/1/13449'
removed '/var/lib/postgresql/15/main/base/1/6117'
removed '/var/lib/postgresql/15/main/base/1/2666'
removed '/var/lib/postgresql/15/main/base/1/2616'
removed '/var/lib/postgresql/15/main/base/1/2662'
removed '/var/lib/postgresql/15/main/base/1/4146'
removed '/var/lib/postgresql/15/main/base/1/3997'
removed '/var/lib/postgresql/15/main/base/1/2609_fsm'
removed '/var/lib/postgresql/15/main/base/1/3257'
removed '/var/lib/postgresql/15/main/base/1/6111'
removed '/var/lib/postgresql/15/main/base/1/2673'
removed '/var/lib/postgresql/15/main/base/1/13452'
removed '/var/lib/postgresql/15/main/base/1/2605_fsm'
removed '/var/lib/postgresql/15/main/base/1/113'
removed '/var/lib/postgresql/15/main/base/1/13454_vm'
removed '/var/lib/postgresql/15/main/base/1/6228'
removed '/var/lib/postgresql/15/main/base/1/2841'
removed '/var/lib/postgresql/15/main/base/1/2756'
removed '/var/lib/postgresql/15/main/base/1/1259_fsm'
removed '/var/lib/postgresql/15/main/base/1/1247_vm'
removed '/var/lib/postgresql/15/main/base/1/2832'
removed '/var/lib/postgresql/15/main/base/1/2669'
removed '/var/lib/postgresql/15/main/base/1/3394_fsm'
removed '/var/lib/postgresql/15/main/base/1/2831'
removed '/var/lib/postgresql/15/main/base/1/13454'
removed '/var/lib/postgresql/15/main/base/1/4156'
removed '/var/lib/postgresql/15/main/base/1/13457'
removed '/var/lib/postgresql/15/main/base/1/3576'
removed '/var/lib/postgresql/15/main/base/1/3430'
removed '/var/lib/postgresql/15/main/base/1/2606_vm'
removed '/var/lib/postgresql/15/main/base/1/2600_fsm'
removed '/var/lib/postgresql/15/main/base/1/2685'
removed '/var/lib/postgresql/15/main/base/1/2836_fsm'
removed '/var/lib/postgresql/15/main/base/1/2664'
removed '/var/lib/postgresql/15/main/base/1/4154'
removed '/var/lib/postgresql/15/main/base/1/2616_vm'
removed '/var/lib/postgresql/15/main/base/1/4147'
removed '/var/lib/postgresql/15/main/base/1/4169'
removed '/var/lib/postgresql/15/main/base/1/3534'
removed '/var/lib/postgresql/15/main/base/1/2680'
removed '/var/lib/postgresql/15/main/base/1/2579'
removed '/var/lib/postgresql/15/main/base/1/2660'
removed '/var/lib/postgresql/15/main/base/1/3603_fsm'
removed '/var/lib/postgresql/15/main/base/1/2693'
removed '/var/lib/postgresql/15/main/base/1/4171'
removed '/var/lib/postgresql/15/main/base/1/4157'
removed '/var/lib/postgresql/15/main/base/1/2656'
removed '/var/lib/postgresql/15/main/base/1/2702'
removed '/var/lib/postgresql/15/main/base/1/4167'
removed '/var/lib/postgresql/15/main/base/1/2668'
removed '/var/lib/postgresql/15/main/base/1/2601_fsm'
removed '/var/lib/postgresql/15/main/base/1/3080'
removed '/var/lib/postgresql/15/main/base/1/2619_vm'
removed '/var/lib/postgresql/15/main/base/1/4153'
removed '/var/lib/postgresql/15/main/base/1/3605'
removed '/var/lib/postgresql/15/main/base/1/4174'
removed '/var/lib/postgresql/15/main/base/1/3600'
removed '/var/lib/postgresql/15/main/base/1/2650'
removed '/var/lib/postgresql/15/main/base/1/2836_vm'
removed '/var/lib/postgresql/15/main/base/1/6237'
removed '/var/lib/postgresql/15/main/base/1/2655'
removed '/var/lib/postgresql/15/main/base/1/826'
removed '/var/lib/postgresql/15/main/base/1/2336'
removed '/var/lib/postgresql/15/main/base/1/2600_vm'
removed '/var/lib/postgresql/15/main/base/1/3712'
removed '/var/lib/postgresql/15/main/base/1/3601_fsm'
removed '/var/lib/postgresql/15/main/base/1/3541_vm'
removed '/var/lib/postgresql/15/main/base/1/2603_vm'
removed '/var/lib/postgresql/15/main/base/1/2618_fsm'
removed '/var/lib/postgresql/15/main/base/1/2610_vm'
removed '/var/lib/postgresql/15/main/base/1/13449_vm'
removed '/var/lib/postgresql/15/main/base/1/2659'
removed '/var/lib/postgresql/15/main/base/1/3541_fsm'
removed '/var/lib/postgresql/15/main/base/1/2755'
removed '/var/lib/postgresql/15/main/base/1/3256'
removed '/var/lib/postgresql/15/main/base/1/4150'
removed '/var/lib/postgresql/15/main/base/1/6112'
removed '/var/lib/postgresql/15/main/base/1/2839'
removed '/var/lib/postgresql/15/main/base/1/2651'
removed '/var/lib/postgresql/15/main/base/1/2337'
removed '/var/lib/postgresql/15/main/base/1/13442'
removed '/var/lib/postgresql/15/main/base/1/2683'
removed directory '/var/lib/postgresql/15/main/base/1'
removed '/var/lib/postgresql/15/main/base/5/2754'
removed '/var/lib/postgresql/15/main/base/5/1249_vm'
removed '/var/lib/postgresql/15/main/base/5/4143'
removed '/var/lib/postgresql/15/main/base/5/827'
removed '/var/lib/postgresql/15/main/base/5/3351'
removed '/var/lib/postgresql/15/main/base/5/3764'
removed '/var/lib/postgresql/15/main/base/5/4166'
removed '/var/lib/postgresql/15/main/base/5/13443'
removed '/var/lib/postgresql/15/main/base/5/1259'
removed '/var/lib/postgresql/15/main/base/5/2654'
removed '/var/lib/postgresql/15/main/base/5/3602_fsm'
removed '/var/lib/postgresql/15/main/base/5/2692'
removed '/var/lib/postgresql/15/main/base/5/3079_vm'
removed '/var/lib/postgresql/15/main/base/5/4165'
removed '/var/lib/postgresql/15/main/base/5/1247_fsm'
removed '/var/lib/postgresql/15/main/base/5/3541'
removed '/var/lib/postgresql/15/main/base/5/2224'
removed '/var/lib/postgresql/15/main/base/5/3502'
removed '/var/lib/postgresql/15/main/base/5/4170'
removed '/var/lib/postgresql/15/main/base/5/2602_vm'
removed '/var/lib/postgresql/15/main/base/5/3574'
removed '/var/lib/postgresql/15/main/base/5/2606_fsm'
removed '/var/lib/postgresql/15/main/base/5/3395'
removed '/var/lib/postgresql/15/main/base/5/2613'
removed '/var/lib/postgresql/15/main/base/5/3601_vm'
removed '/var/lib/postgresql/15/main/base/5/2703'
removed '/var/lib/postgresql/15/main/base/5/13444_fsm'
removed '/var/lib/postgresql/15/main/base/5/3429'
removed '/var/lib/postgresql/15/main/base/5/2679'
removed '/var/lib/postgresql/15/main/base/5/13447'
removed '/var/lib/postgresql/15/main/base/5/2691'
removed '/var/lib/postgresql/15/main/base/5/2619_fsm'
removed '/var/lib/postgresql/15/main/base/5/1255'
removed '/var/lib/postgresql/15/main/base/5/2838_fsm'
removed '/var/lib/postgresql/15/main/base/5/2663'
removed '/var/lib/postgresql/15/main/base/5/6175'
removed '/var/lib/postgresql/15/main/base/5/13439'
removed '/var/lib/postgresql/15/main/base/5/2618_vm'
removed '/var/lib/postgresql/15/main/base/5/13444'
removed '/var/lib/postgresql/15/main/base/5/2830'
removed '/var/lib/postgresql/15/main/base/5/13458'
removed '/var/lib/postgresql/15/main/base/5/3433'
removed '/var/lib/postgresql/15/main/base/5/3766'
removed '/var/lib/postgresql/15/main/base/5/6102'
removed '/var/lib/postgresql/15/main/base/5/3598'
removed '/var/lib/postgresql/15/main/base/5/4172'
removed '/var/lib/postgresql/15/main/base/5/2619'
removed '/var/lib/postgresql/15/main/base/5/3600_fsm'
removed '/var/lib/postgresql/15/main/base/5/13453'
removed '/var/lib/postgresql/15/main/base/5/2689'
removed '/var/lib/postgresql/15/main/base/5/3609'
removed '/var/lib/postgresql/15/main/base/5/5002'
removed '/var/lib/postgresql/15/main/base/5/3119'
removed '/var/lib/postgresql/15/main/base/5/2699'
removed '/var/lib/postgresql/15/main/base/5/2612'
removed '/var/lib/postgresql/15/main/base/5/3606'
removed '/var/lib/postgresql/15/main/base/5/2611'
removed '/var/lib/postgresql/15/main/base/5/2612_fsm'
removed '/var/lib/postgresql/15/main/base/5/3601'
removed '/var/lib/postgresql/15/main/base/5/2620'
removed '/var/lib/postgresql/15/main/base/5/6176'
removed '/var/lib/postgresql/15/main/base/5/174'
removed '/var/lib/postgresql/15/main/base/5/3085'
removed '/var/lib/postgresql/15/main/base/5/16391'
removed '/var/lib/postgresql/15/main/base/5/2840_vm'
removed '/var/lib/postgresql/15/main/base/5/2617_vm'
removed '/var/lib/postgresql/15/main/base/5/PG_VERSION'
removed '/var/lib/postgresql/15/main/base/5/4149'
removed '/var/lib/postgresql/15/main/base/5/2187'
removed '/var/lib/postgresql/15/main/base/5/2675'
removed '/var/lib/postgresql/15/main/base/5/2617'
removed '/var/lib/postgresql/15/main/base/5/2701'
removed '/var/lib/postgresql/15/main/base/5/13454_fsm'
removed '/var/lib/postgresql/15/main/base/5/2838_vm'
removed '/var/lib/postgresql/15/main/base/5/2838'
removed '/var/lib/postgresql/15/main/base/5/6104'
removed '/var/lib/postgresql/15/main/base/5/1255_fsm'
removed '/var/lib/postgresql/15/main/base/5/3350'
removed '/var/lib/postgresql/15/main/base/5/4164'
removed '/var/lib/postgresql/15/main/base/5/3503'
removed '/var/lib/postgresql/15/main/base/5/2661'
removed '/var/lib/postgresql/15/main/base/5/6116'
removed '/var/lib/postgresql/15/main/base/5/4168'
removed '/var/lib/postgresql/15/main/base/5/2753'
removed '/var/lib/postgresql/15/main/base/5/2607'
removed '/var/lib/postgresql/15/main/base/5/13449_fsm'
removed '/var/lib/postgresql/15/main/base/5/pg_filenode.map'
removed '/var/lib/postgresql/15/main/base/5/3431'
removed '/var/lib/postgresql/15/main/base/5/2757'
removed '/var/lib/postgresql/15/main/base/5/3164'
removed '/var/lib/postgresql/15/main/base/5/2600'
removed '/var/lib/postgresql/15/main/base/5/3439'
removed '/var/lib/postgresql/15/main/base/5/2667'
removed '/var/lib/postgresql/15/main/base/5/4151'
removed '/var/lib/postgresql/15/main/base/5/2612_vm'
removed '/var/lib/postgresql/15/main/base/5/1249_fsm'
removed '/var/lib/postgresql/15/main/base/5/4155'
removed '/var/lib/postgresql/15/main/base/5/3764_vm'
removed '/var/lib/postgresql/15/main/base/5/2696'
removed '/var/lib/postgresql/15/main/base/5/2686'
removed '/var/lib/postgresql/15/main/base/5/2657'
removed '/var/lib/postgresql/15/main/base/5/6106'
removed '/var/lib/postgresql/15/main/base/5/2605'
removed '/var/lib/postgresql/15/main/base/5/2603_fsm'
removed '/var/lib/postgresql/15/main/base/5/3542'
removed '/var/lib/postgresql/15/main/base/5/2687'
removed '/var/lib/postgresql/15/main/base/5/2608_vm'
removed '/var/lib/postgresql/15/main/base/5/2840_fsm'
removed '/var/lib/postgresql/15/main/base/5/2617_fsm'
removed '/var/lib/postgresql/15/main/base/5/2602'
removed '/var/lib/postgresql/15/main/base/5/2652'
removed '/var/lib/postgresql/15/main/base/5/2615'
removed '/var/lib/postgresql/15/main/base/5/2607_vm'
removed '/var/lib/postgresql/15/main/base/5/6110'
removed '/var/lib/postgresql/15/main/base/5/2690'
removed '/var/lib/postgresql/15/main/base/5/3603_vm'
removed '/var/lib/postgresql/15/main/base/5/2704'
removed '/var/lib/postgresql/15/main/base/5/2678'
removed '/var/lib/postgresql/15/main/base/5/2995'
removed '/var/lib/postgresql/15/main/base/5/2601_vm'
removed '/var/lib/postgresql/15/main/base/5/2670'
removed '/var/lib/postgresql/15/main/base/5/4144'
removed '/var/lib/postgresql/15/main/base/5/1255_vm'
removed '/var/lib/postgresql/15/main/base/5/2228'
removed '/var/lib/postgresql/15/main/base/5/3394'
removed '/var/lib/postgresql/15/main/base/5/3468'
removed '/var/lib/postgresql/15/main/base/5/3767'
removed '/var/lib/postgresql/15/main/base/5/6229'
removed '/var/lib/postgresql/15/main/base/5/4163'
removed '/var/lib/postgresql/15/main/base/5/3079'
removed '/var/lib/postgresql/15/main/base/5/13439_vm'
removed '/var/lib/postgresql/15/main/base/5/2840'
removed '/var/lib/postgresql/15/main/base/5/16388'
removed '/var/lib/postgresql/15/main/base/5/3602_vm'
removed '/var/lib/postgresql/15/main/base/5/2603'
removed '/var/lib/postgresql/15/main/base/5/3604'
removed '/var/lib/postgresql/15/main/base/5/2602_fsm'
removed '/var/lib/postgresql/15/main/base/5/3596'
removed '/var/lib/postgresql/15/main/base/5/2833'
removed '/var/lib/postgresql/15/main/base/5/549'
removed '/var/lib/postgresql/15/main/base/5/2835'
removed '/var/lib/postgresql/15/main/base/5/3118'
removed '/var/lib/postgresql/15/main/base/5/2609_vm'
removed '/var/lib/postgresql/15/main/base/5/2665'
removed '/var/lib/postgresql/15/main/base/5/3467'
removed '/var/lib/postgresql/15/main/base/5/3599'
removed '/var/lib/postgresql/15/main/base/5/1247'
removed '/var/lib/postgresql/15/main/base/5/3600_vm'
removed '/var/lib/postgresql/15/main/base/5/3597'
removed '/var/lib/postgresql/15/main/base/5/2601'
removed '/var/lib/postgresql/15/main/base/5/2688'
removed '/var/lib/postgresql/15/main/base/5/1259_vm'
removed '/var/lib/postgresql/15/main/base/5/6238'
removed '/var/lib/postgresql/15/main/base/5/2616_fsm'
removed '/var/lib/postgresql/15/main/base/5/2604'
removed '/var/lib/postgresql/15/main/base/5/2605_vm'
removed '/var/lib/postgresql/15/main/base/5/6239'
removed '/var/lib/postgresql/15/main/base/5/4148'
removed '/var/lib/postgresql/15/main/base/5/2684'
removed '/var/lib/postgresql/15/main/base/5/3381'
removed '/var/lib/postgresql/15/main/base/5/3258'
removed '/var/lib/postgresql/15/main/base/5/3764_fsm'
removed '/var/lib/postgresql/15/main/base/5/3607'
removed '/var/lib/postgresql/15/main/base/5/828'
removed '/var/lib/postgresql/15/main/base/5/4173'
removed '/var/lib/postgresql/15/main/base/5/13439_fsm'
removed '/var/lib/postgresql/15/main/base/5/2615_vm'
removed '/var/lib/postgresql/15/main/base/5/2753_fsm'
removed '/var/lib/postgresql/15/main/base/5/13444_vm'
removed '/var/lib/postgresql/15/main/base/5/2753_vm'
removed '/var/lib/postgresql/15/main/base/5/1249'
removed '/var/lib/postgresql/15/main/base/5/4159'
removed '/var/lib/postgresql/15/main/base/5/3455'
removed '/var/lib/postgresql/15/main/base/5/4145'
removed '/var/lib/postgresql/15/main/base/5/2608_fsm'
removed '/var/lib/postgresql/15/main/base/5/3379'
removed '/var/lib/postgresql/15/main/base/5/2834'
removed '/var/lib/postgresql/15/main/base/5/13448'
removed '/var/lib/postgresql/15/main/base/5/3456_vm'
removed '/var/lib/postgresql/15/main/base/5/2658'
removed '/var/lib/postgresql/15/main/base/5/3079_fsm'
removed '/var/lib/postgresql/15/main/base/5/3380'
removed '/var/lib/postgresql/15/main/base/5/2681'
removed '/var/lib/postgresql/15/main/base/5/4152'
removed '/var/lib/postgresql/15/main/base/5/548'
removed '/var/lib/postgresql/15/main/base/5/3456'
removed '/var/lib/postgresql/15/main/base/5/2674'
removed '/var/lib/postgresql/15/main/base/5/4160'
removed '/var/lib/postgresql/15/main/base/5/3602'
removed '/var/lib/postgresql/15/main/base/5/3081'
removed '/var/lib/postgresql/15/main/base/5/2606'
removed '/var/lib/postgresql/15/main/base/5/3575'
removed '/var/lib/postgresql/15/main/base/5/3501'
removed '/var/lib/postgresql/15/main/base/5/2610'
removed '/var/lib/postgresql/15/main/base/5/2618'
removed '/var/lib/postgresql/15/main/base/5/3608'
removed '/var/lib/postgresql/15/main/base/5/3466'
removed '/var/lib/postgresql/15/main/base/5/2608'
removed '/var/lib/postgresql/15/main/base/5/pg_internal.init'
removed '/var/lib/postgresql/15/main/base/5/3603'
removed '/var/lib/postgresql/15/main/base/5/3394_vm'
removed '/var/lib/postgresql/15/main/base/5/2328'
removed '/var/lib/postgresql/15/main/base/5/2615_fsm'
removed '/var/lib/postgresql/15/main/base/5/2653'
removed '/var/lib/postgresql/15/main/base/5/1418'
removed '/var/lib/postgresql/15/main/base/5/2996'
removed '/var/lib/postgresql/15/main/base/5/6113'
removed '/var/lib/postgresql/15/main/base/5/1417'
removed '/var/lib/postgresql/15/main/base/5/2837'
removed '/var/lib/postgresql/15/main/base/5/3440'
removed '/var/lib/postgresql/15/main/base/5/2607_fsm'
removed '/var/lib/postgresql/15/main/base/5/4158'
removed '/var/lib/postgresql/15/main/base/5/112'
removed '/var/lib/postgresql/15/main/base/5/175'
removed '/var/lib/postgresql/15/main/base/5/2609'
removed '/var/lib/postgresql/15/main/base/5/2610_fsm'
removed '/var/lib/postgresql/15/main/base/5/2836'
removed '/var/lib/postgresql/15/main/base/5/2682'
removed '/var/lib/postgresql/15/main/base/5/3456_fsm'
removed '/var/lib/postgresql/15/main/base/5/13449'
removed '/var/lib/postgresql/15/main/base/5/6117'
removed '/var/lib/postgresql/15/main/base/5/2666'
removed '/var/lib/postgresql/15/main/base/5/2616'
removed '/var/lib/postgresql/15/main/base/5/2662'
removed '/var/lib/postgresql/15/main/base/5/4146'
removed '/var/lib/postgresql/15/main/base/5/3997'
removed '/var/lib/postgresql/15/main/base/5/2609_fsm'
removed '/var/lib/postgresql/15/main/base/5/3257'
removed '/var/lib/postgresql/15/main/base/5/6111'
removed '/var/lib/postgresql/15/main/base/5/2673'
removed '/var/lib/postgresql/15/main/base/5/13452'
removed '/var/lib/postgresql/15/main/base/5/2605_fsm'
removed '/var/lib/postgresql/15/main/base/5/113'
removed '/var/lib/postgresql/15/main/base/5/13454_vm'
removed '/var/lib/postgresql/15/main/base/5/6228'
removed '/var/lib/postgresql/15/main/base/5/2841'
removed '/var/lib/postgresql/15/main/base/5/2756'
removed '/var/lib/postgresql/15/main/base/5/1259_fsm'
removed '/var/lib/postgresql/15/main/base/5/1247_vm'
removed '/var/lib/postgresql/15/main/base/5/2832'
removed '/var/lib/postgresql/15/main/base/5/2669'
removed '/var/lib/postgresql/15/main/base/5/3394_fsm'
removed '/var/lib/postgresql/15/main/base/5/2831'
removed '/var/lib/postgresql/15/main/base/5/13454'
removed '/var/lib/postgresql/15/main/base/5/4156'
removed '/var/lib/postgresql/15/main/base/5/13457'
removed '/var/lib/postgresql/15/main/base/5/3576'
removed '/var/lib/postgresql/15/main/base/5/3430'
removed '/var/lib/postgresql/15/main/base/5/2606_vm'
removed '/var/lib/postgresql/15/main/base/5/2600_fsm'
removed '/var/lib/postgresql/15/main/base/5/2685'
removed '/var/lib/postgresql/15/main/base/5/2836_fsm'
removed '/var/lib/postgresql/15/main/base/5/2664'
removed '/var/lib/postgresql/15/main/base/5/4154'
removed '/var/lib/postgresql/15/main/base/5/2616_vm'
removed '/var/lib/postgresql/15/main/base/5/4147'
removed '/var/lib/postgresql/15/main/base/5/4169'
removed '/var/lib/postgresql/15/main/base/5/3534'
removed '/var/lib/postgresql/15/main/base/5/2680'
removed '/var/lib/postgresql/15/main/base/5/2579'
removed '/var/lib/postgresql/15/main/base/5/2660'
removed '/var/lib/postgresql/15/main/base/5/3603_fsm'
removed '/var/lib/postgresql/15/main/base/5/2693'
removed '/var/lib/postgresql/15/main/base/5/4171'
removed '/var/lib/postgresql/15/main/base/5/4157'
removed '/var/lib/postgresql/15/main/base/5/2656'
removed '/var/lib/postgresql/15/main/base/5/2702'
removed '/var/lib/postgresql/15/main/base/5/4167'
removed '/var/lib/postgresql/15/main/base/5/2668'
removed '/var/lib/postgresql/15/main/base/5/2601_fsm'
removed '/var/lib/postgresql/15/main/base/5/3080'
removed '/var/lib/postgresql/15/main/base/5/2619_vm'
removed '/var/lib/postgresql/15/main/base/5/4153'
removed '/var/lib/postgresql/15/main/base/5/3605'
removed '/var/lib/postgresql/15/main/base/5/4174'
removed '/var/lib/postgresql/15/main/base/5/3600'
removed '/var/lib/postgresql/15/main/base/5/2650'
removed '/var/lib/postgresql/15/main/base/5/2836_vm'
removed '/var/lib/postgresql/15/main/base/5/6237'
removed '/var/lib/postgresql/15/main/base/5/2655'
removed '/var/lib/postgresql/15/main/base/5/826'
removed '/var/lib/postgresql/15/main/base/5/2336'
removed '/var/lib/postgresql/15/main/base/5/2600_vm'
removed '/var/lib/postgresql/15/main/base/5/3712'
removed '/var/lib/postgresql/15/main/base/5/3601_fsm'
removed '/var/lib/postgresql/15/main/base/5/3541_vm'
removed '/var/lib/postgresql/15/main/base/5/16392'
removed '/var/lib/postgresql/15/main/base/5/2603_vm'
removed '/var/lib/postgresql/15/main/base/5/2618_fsm'
removed '/var/lib/postgresql/15/main/base/5/2610_vm'
removed '/var/lib/postgresql/15/main/base/5/13449_vm'
removed '/var/lib/postgresql/15/main/base/5/2659'
removed '/var/lib/postgresql/15/main/base/5/3541_fsm'
removed '/var/lib/postgresql/15/main/base/5/2755'
removed '/var/lib/postgresql/15/main/base/5/3256'
removed '/var/lib/postgresql/15/main/base/5/4150'
removed '/var/lib/postgresql/15/main/base/5/6112'
removed '/var/lib/postgresql/15/main/base/5/2839'
removed '/var/lib/postgresql/15/main/base/5/2651'
removed '/var/lib/postgresql/15/main/base/5/2337'
removed '/var/lib/postgresql/15/main/base/5/13442'
removed '/var/lib/postgresql/15/main/base/5/2683'
removed directory '/var/lib/postgresql/15/main/base/5'
removed directory '/var/lib/postgresql/15/main/base'
removed directory '/var/lib/postgresql/15/main/pg_serial'
removed '/var/lib/postgresql/15/main/pg_stat/pgstat.stat'
removed directory '/var/lib/postgresql/15/main/pg_stat'
removed '/var/lib/postgresql/15/main/PG_VERSION'
removed directory '/var/lib/postgresql/15/main/pg_commit_ts'
removed '/var/lib/postgresql/15/main/global/6115'
removed '/var/lib/postgresql/15/main/global/pg_control'
removed '/var/lib/postgresql/15/main/global/4060'
removed '/var/lib/postgresql/15/main/global/4186'
removed '/var/lib/postgresql/15/main/global/6243'
removed '/var/lib/postgresql/15/main/global/1260'
removed '/var/lib/postgresql/15/main/global/2695'
removed '/var/lib/postgresql/15/main/global/4178'
removed '/var/lib/postgresql/15/main/global/1213_fsm'
removed '/var/lib/postgresql/15/main/global/2967'
removed '/var/lib/postgresql/15/main/global/1214'
removed '/var/lib/postgresql/15/main/global/6244'
removed '/var/lib/postgresql/15/main/global/4176'
removed '/var/lib/postgresql/15/main/global/2697'
removed '/var/lib/postgresql/15/main/global/pg_filenode.map'
removed '/var/lib/postgresql/15/main/global/4181'
removed '/var/lib/postgresql/15/main/global/4061'
removed '/var/lib/postgresql/15/main/global/2677'
removed '/var/lib/postgresql/15/main/global/6000'
removed '/var/lib/postgresql/15/main/global/4175'
removed '/var/lib/postgresql/15/main/global/6245'
removed '/var/lib/postgresql/15/main/global/2676'
removed '/var/lib/postgresql/15/main/global/2966'
removed '/var/lib/postgresql/15/main/global/1260_fsm'
removed '/var/lib/postgresql/15/main/global/2847'
removed '/var/lib/postgresql/15/main/global/2698'
removed '/var/lib/postgresql/15/main/global/6001'
removed '/var/lib/postgresql/15/main/global/2396_vm'
removed '/var/lib/postgresql/15/main/global/1262_vm'
removed '/var/lib/postgresql/15/main/global/6002'
removed '/var/lib/postgresql/15/main/global/3593'
removed '/var/lib/postgresql/15/main/global/1262_fsm'
removed '/var/lib/postgresql/15/main/global/4185'
removed '/var/lib/postgresql/15/main/global/2672'
removed '/var/lib/postgresql/15/main/global/4184'
removed '/var/lib/postgresql/15/main/global/2396'
removed '/var/lib/postgresql/15/main/global/1262'
removed '/var/lib/postgresql/15/main/global/1232'
removed '/var/lib/postgresql/15/main/global/6114'
removed '/var/lib/postgresql/15/main/global/pg_internal.init'
removed '/var/lib/postgresql/15/main/global/2965'
removed '/var/lib/postgresql/15/main/global/1213'
removed '/var/lib/postgresql/15/main/global/4177'
removed '/var/lib/postgresql/15/main/global/4183'
removed '/var/lib/postgresql/15/main/global/2694'
removed '/var/lib/postgresql/15/main/global/4182'
removed '/var/lib/postgresql/15/main/global/2397'
removed '/var/lib/postgresql/15/main/global/1260_vm'
removed '/var/lib/postgresql/15/main/global/1261_vm'
removed '/var/lib/postgresql/15/main/global/2671'
removed '/var/lib/postgresql/15/main/global/2964'
removed '/var/lib/postgresql/15/main/global/2846'
removed '/var/lib/postgresql/15/main/global/3592'
removed '/var/lib/postgresql/15/main/global/6100'
removed '/var/lib/postgresql/15/main/global/1261'
removed '/var/lib/postgresql/15/main/global/1233'
removed '/var/lib/postgresql/15/main/global/1213_vm'
removed '/var/lib/postgresql/15/main/global/2396_fsm'
removed '/var/lib/postgresql/15/main/global/6247'
removed '/var/lib/postgresql/15/main/global/6246'
removed '/var/lib/postgresql/15/main/global/1261_fsm'
removed directory '/var/lib/postgresql/15/main/global'
removed '/var/lib/postgresql/15/main/postgresql.auto.conf'
removed directory '/var/lib/postgresql/15/main/pg_notify'
removed '/var/lib/postgresql/15/main/pg_multixact/members/0000'
removed directory '/var/lib/postgresql/15/main/pg_multixact/members'
removed '/var/lib/postgresql/15/main/pg_multixact/offsets/0000'
removed directory '/var/lib/postgresql/15/main/pg_multixact/offsets'
removed directory '/var/lib/postgresql/15/main/pg_multixact'
removed '/var/lib/postgresql/15/main/postmaster.opts'
removed '/var/lib/postgresql/15/main/pg_subtrans/0000'
removed directory '/var/lib/postgresql/15/main/pg_subtrans'
removed directory '/var/lib/postgresql/15/main/pg_twophase'
removed directory '/var/lib/postgresql/15/main/pg_logical/snapshots'
removed directory '/var/lib/postgresql/15/main/pg_logical/mappings'
removed '/var/lib/postgresql/15/main/pg_logical/replorigin_checkpoint'
removed directory '/var/lib/postgresql/15/main/pg_logical'
removed directory '/var/lib/postgresql/15/main/pg_replslot'
removed directory '/var/lib/postgresql/15/main/pg_dynshmem'
removed directory '/var/lib/postgresql/15/main/pg_wal/archive_status'
removed '/var/lib/postgresql/15/main/pg_wal/000000010000000000000001'
removed directory '/var/lib/postgresql/15/main/pg_wal'
removed directory '/var/lib/postgresql/15/main/pg_tblspc'
removed directory '/var/lib/postgresql/15/main/pg_stat_tmp'
removed directory '/var/lib/postgresql/15/main'
removed directory '/var/lib/postgresql/15'
root@otus1:/home/serge# 
root@otus1:/home/serge# 
root@otus1:/home/serge# 
root@otus1:/home/serge# 
root@otus1:/home/serge# ls -l /mnt/data/
total 20
drwxr-xr-x 3 postgres postgres  4096 Aug 18 11:09 15
drwx------ 2 postgres postgres 16384 Aug 18 11:47 lost+found
root@otus1:/home/serge# pg_ctlcluster  15 main start
Error: /var/lib/postgresql/15/main is not accessible or does not exist
root@otus1:/home/serge# nano /etc/postgresql/15/main/postgresql.conf 
root@otus1:/home/serge# nano /etc/postgresql/15/main/postgresql.conf 
root@otus1:/home/serge# pg_ctlcluster  15 main start
root@otus1:/home/serge# pg_lsclusters 
Ver Cluster Port Status Owner    Data directory              Log file
15  main    5433 online postgres /mnt/data/15/main           /var/log/postgresql/postgresql-15-main.log
16  main    5432 online postgres /var/lib/postgresql/16/main /var/log/postgresql/postgresql-16-main.log
root@otus1:/home/serge# su - postgres
postgres@otus1:~$ psql  -p 5433
psql (16.9 (Ubuntu 16.9-0ubuntu0.24.04.1), server 15.14 (Ubuntu 15.14-1.pgdg24.04+1))
Type "help" for help.

postgres=# \dt
        List of relations
 Schema | Name | Type  |  Owner   
--------+------+-------+----------
 public | test | table | postgres
(1 row)

postgres=# select * from test;
 c1 
----
 1
(1 row)

postgres=# \q
postgres@otus1:~$ 
postgres@otus1:~$ psql  -p 5433^C
postgres@otus1:~$ 

